ARM GAS  C:\Users\lenovo\AppData\Local\Temp\ccSKfcxi.s 			page 1


   1              		.syntax unified
   2              		.cpu cortex-m3
   3              		.fpu softvfp
   4              		.eabi_attribute 20, 1
   5              		.eabi_attribute 21, 1
   6              		.eabi_attribute 23, 3
   7              		.eabi_attribute 24, 1
   8              		.eabi_attribute 25, 1
   9              		.eabi_attribute 26, 1
  10              		.eabi_attribute 30, 1
  11              		.eabi_attribute 34, 1
  12              		.eabi_attribute 18, 4
  13              		.thumb
  14              		.file	"isr_rx.c"
  15              		.text
  16              	.Ltext0:
  17              		.cfi_sections	.debug_frame
  18              		.section	.text.isr_rx_SetVector,"ax",%progbits
  19              		.align	2
  20              		.global	isr_rx_SetVector
  21              		.thumb
  22              		.thumb_func
  23              		.type	isr_rx_SetVector, %function
  24              	isr_rx_SetVector:
  25              	.LFB66:
  26              		.file 1 ".\\Generated_Source\\PSoC5\\isr_rx.c"
   1:.\Generated_Source\PSoC5/isr_rx.c **** /*******************************************************************************
   2:.\Generated_Source\PSoC5/isr_rx.c **** * File Name: isr_rx.c  
   3:.\Generated_Source\PSoC5/isr_rx.c **** * Version 1.70
   4:.\Generated_Source\PSoC5/isr_rx.c **** *
   5:.\Generated_Source\PSoC5/isr_rx.c **** *  Description:
   6:.\Generated_Source\PSoC5/isr_rx.c **** *   API for controlling the state of an interrupt.
   7:.\Generated_Source\PSoC5/isr_rx.c **** *
   8:.\Generated_Source\PSoC5/isr_rx.c **** *
   9:.\Generated_Source\PSoC5/isr_rx.c **** *  Note:
  10:.\Generated_Source\PSoC5/isr_rx.c **** *
  11:.\Generated_Source\PSoC5/isr_rx.c **** ********************************************************************************
  12:.\Generated_Source\PSoC5/isr_rx.c **** * Copyright 2008-2015, Cypress Semiconductor Corporation.  All rights reserved.
  13:.\Generated_Source\PSoC5/isr_rx.c **** * You may use this file only in accordance with the license, terms, conditions, 
  14:.\Generated_Source\PSoC5/isr_rx.c **** * disclaimers, and limitations in the end user license agreement accompanying 
  15:.\Generated_Source\PSoC5/isr_rx.c **** * the software package with which this file was provided.
  16:.\Generated_Source\PSoC5/isr_rx.c **** *******************************************************************************/
  17:.\Generated_Source\PSoC5/isr_rx.c **** 
  18:.\Generated_Source\PSoC5/isr_rx.c **** 
  19:.\Generated_Source\PSoC5/isr_rx.c **** #include <cydevice_trm.h>
  20:.\Generated_Source\PSoC5/isr_rx.c **** #include <CyLib.h>
  21:.\Generated_Source\PSoC5/isr_rx.c **** #include <isr_rx.h>
  22:.\Generated_Source\PSoC5/isr_rx.c **** #include "cyapicallbacks.h"
  23:.\Generated_Source\PSoC5/isr_rx.c **** 
  24:.\Generated_Source\PSoC5/isr_rx.c **** #if !defined(isr_rx__REMOVED) /* Check for removal by optimization */
  25:.\Generated_Source\PSoC5/isr_rx.c **** 
  26:.\Generated_Source\PSoC5/isr_rx.c **** /*******************************************************************************
  27:.\Generated_Source\PSoC5/isr_rx.c **** *  Place your includes, defines and code here 
  28:.\Generated_Source\PSoC5/isr_rx.c **** ********************************************************************************/
  29:.\Generated_Source\PSoC5/isr_rx.c **** /* `#START isr_rx_intc` */
  30:.\Generated_Source\PSoC5/isr_rx.c **** 
  31:.\Generated_Source\PSoC5/isr_rx.c **** /* `#END` */
ARM GAS  C:\Users\lenovo\AppData\Local\Temp\ccSKfcxi.s 			page 2


  32:.\Generated_Source\PSoC5/isr_rx.c **** 
  33:.\Generated_Source\PSoC5/isr_rx.c **** #ifndef CYINT_IRQ_BASE
  34:.\Generated_Source\PSoC5/isr_rx.c **** #define CYINT_IRQ_BASE      16
  35:.\Generated_Source\PSoC5/isr_rx.c **** #endif /* CYINT_IRQ_BASE */
  36:.\Generated_Source\PSoC5/isr_rx.c **** #ifndef CYINT_VECT_TABLE
  37:.\Generated_Source\PSoC5/isr_rx.c **** #define CYINT_VECT_TABLE    ((cyisraddress **) CYREG_NVIC_VECT_OFFSET)
  38:.\Generated_Source\PSoC5/isr_rx.c **** #endif /* CYINT_VECT_TABLE */
  39:.\Generated_Source\PSoC5/isr_rx.c **** 
  40:.\Generated_Source\PSoC5/isr_rx.c **** /* Declared in startup, used to set unused interrupts to. */
  41:.\Generated_Source\PSoC5/isr_rx.c **** CY_ISR_PROTO(IntDefaultHandler);
  42:.\Generated_Source\PSoC5/isr_rx.c **** 
  43:.\Generated_Source\PSoC5/isr_rx.c **** 
  44:.\Generated_Source\PSoC5/isr_rx.c **** /*******************************************************************************
  45:.\Generated_Source\PSoC5/isr_rx.c **** * Function Name: isr_rx_Start
  46:.\Generated_Source\PSoC5/isr_rx.c **** ********************************************************************************
  47:.\Generated_Source\PSoC5/isr_rx.c **** *
  48:.\Generated_Source\PSoC5/isr_rx.c **** * Summary:
  49:.\Generated_Source\PSoC5/isr_rx.c **** *  Set up the interrupt and enable it. This function disables the interrupt, 
  50:.\Generated_Source\PSoC5/isr_rx.c **** *  sets the default interrupt vector, sets the priority from the value in the
  51:.\Generated_Source\PSoC5/isr_rx.c **** *  Design Wide Resources Interrupt Editor, then enables the interrupt to the 
  52:.\Generated_Source\PSoC5/isr_rx.c **** *  interrupt controller.
  53:.\Generated_Source\PSoC5/isr_rx.c **** *
  54:.\Generated_Source\PSoC5/isr_rx.c **** * Parameters:  
  55:.\Generated_Source\PSoC5/isr_rx.c **** *   None
  56:.\Generated_Source\PSoC5/isr_rx.c **** *
  57:.\Generated_Source\PSoC5/isr_rx.c **** * Return:
  58:.\Generated_Source\PSoC5/isr_rx.c **** *   None
  59:.\Generated_Source\PSoC5/isr_rx.c **** *
  60:.\Generated_Source\PSoC5/isr_rx.c **** *******************************************************************************/
  61:.\Generated_Source\PSoC5/isr_rx.c **** void isr_rx_Start(void)
  62:.\Generated_Source\PSoC5/isr_rx.c **** {
  63:.\Generated_Source\PSoC5/isr_rx.c ****     /* For all we know the interrupt is active. */
  64:.\Generated_Source\PSoC5/isr_rx.c ****     isr_rx_Disable();
  65:.\Generated_Source\PSoC5/isr_rx.c **** 
  66:.\Generated_Source\PSoC5/isr_rx.c ****     /* Set the ISR to point to the isr_rx Interrupt. */
  67:.\Generated_Source\PSoC5/isr_rx.c ****     isr_rx_SetVector(&isr_rx_Interrupt);
  68:.\Generated_Source\PSoC5/isr_rx.c **** 
  69:.\Generated_Source\PSoC5/isr_rx.c ****     /* Set the priority. */
  70:.\Generated_Source\PSoC5/isr_rx.c ****     isr_rx_SetPriority((uint8)isr_rx_INTC_PRIOR_NUMBER);
  71:.\Generated_Source\PSoC5/isr_rx.c **** 
  72:.\Generated_Source\PSoC5/isr_rx.c ****     /* Enable it. */
  73:.\Generated_Source\PSoC5/isr_rx.c ****     isr_rx_Enable();
  74:.\Generated_Source\PSoC5/isr_rx.c **** }
  75:.\Generated_Source\PSoC5/isr_rx.c **** 
  76:.\Generated_Source\PSoC5/isr_rx.c **** 
  77:.\Generated_Source\PSoC5/isr_rx.c **** /*******************************************************************************
  78:.\Generated_Source\PSoC5/isr_rx.c **** * Function Name: isr_rx_StartEx
  79:.\Generated_Source\PSoC5/isr_rx.c **** ********************************************************************************
  80:.\Generated_Source\PSoC5/isr_rx.c **** *
  81:.\Generated_Source\PSoC5/isr_rx.c **** * Summary:
  82:.\Generated_Source\PSoC5/isr_rx.c **** *  Sets up the interrupt and enables it. This function disables the interrupt,
  83:.\Generated_Source\PSoC5/isr_rx.c **** *  sets the interrupt vector based on the address passed in, sets the priority 
  84:.\Generated_Source\PSoC5/isr_rx.c **** *  from the value in the Design Wide Resources Interrupt Editor, then enables 
  85:.\Generated_Source\PSoC5/isr_rx.c **** *  the interrupt to the interrupt controller.
  86:.\Generated_Source\PSoC5/isr_rx.c **** *  
  87:.\Generated_Source\PSoC5/isr_rx.c **** *  When defining ISR functions, the CY_ISR and CY_ISR_PROTO macros should be 
  88:.\Generated_Source\PSoC5/isr_rx.c **** *  used to provide consistent definition across compilers:
ARM GAS  C:\Users\lenovo\AppData\Local\Temp\ccSKfcxi.s 			page 3


  89:.\Generated_Source\PSoC5/isr_rx.c **** *  
  90:.\Generated_Source\PSoC5/isr_rx.c **** *  Function definition example:
  91:.\Generated_Source\PSoC5/isr_rx.c **** *   CY_ISR(MyISR)
  92:.\Generated_Source\PSoC5/isr_rx.c **** *   {
  93:.\Generated_Source\PSoC5/isr_rx.c **** *   }
  94:.\Generated_Source\PSoC5/isr_rx.c **** *   Function prototype example:
  95:.\Generated_Source\PSoC5/isr_rx.c **** *   CY_ISR_PROTO(MyISR);
  96:.\Generated_Source\PSoC5/isr_rx.c **** *
  97:.\Generated_Source\PSoC5/isr_rx.c **** * Parameters:  
  98:.\Generated_Source\PSoC5/isr_rx.c **** *   address: Address of the ISR to set in the interrupt vector table.
  99:.\Generated_Source\PSoC5/isr_rx.c **** *
 100:.\Generated_Source\PSoC5/isr_rx.c **** * Return:
 101:.\Generated_Source\PSoC5/isr_rx.c **** *   None
 102:.\Generated_Source\PSoC5/isr_rx.c **** *
 103:.\Generated_Source\PSoC5/isr_rx.c **** *******************************************************************************/
 104:.\Generated_Source\PSoC5/isr_rx.c **** void isr_rx_StartEx(cyisraddress address)
 105:.\Generated_Source\PSoC5/isr_rx.c **** {
 106:.\Generated_Source\PSoC5/isr_rx.c ****     /* For all we know the interrupt is active. */
 107:.\Generated_Source\PSoC5/isr_rx.c ****     isr_rx_Disable();
 108:.\Generated_Source\PSoC5/isr_rx.c **** 
 109:.\Generated_Source\PSoC5/isr_rx.c ****     /* Set the ISR to point to the isr_rx Interrupt. */
 110:.\Generated_Source\PSoC5/isr_rx.c ****     isr_rx_SetVector(address);
 111:.\Generated_Source\PSoC5/isr_rx.c **** 
 112:.\Generated_Source\PSoC5/isr_rx.c ****     /* Set the priority. */
 113:.\Generated_Source\PSoC5/isr_rx.c ****     isr_rx_SetPriority((uint8)isr_rx_INTC_PRIOR_NUMBER);
 114:.\Generated_Source\PSoC5/isr_rx.c **** 
 115:.\Generated_Source\PSoC5/isr_rx.c ****     /* Enable it. */
 116:.\Generated_Source\PSoC5/isr_rx.c ****     isr_rx_Enable();
 117:.\Generated_Source\PSoC5/isr_rx.c **** }
 118:.\Generated_Source\PSoC5/isr_rx.c **** 
 119:.\Generated_Source\PSoC5/isr_rx.c **** 
 120:.\Generated_Source\PSoC5/isr_rx.c **** /*******************************************************************************
 121:.\Generated_Source\PSoC5/isr_rx.c **** * Function Name: isr_rx_Stop
 122:.\Generated_Source\PSoC5/isr_rx.c **** ********************************************************************************
 123:.\Generated_Source\PSoC5/isr_rx.c **** *
 124:.\Generated_Source\PSoC5/isr_rx.c **** * Summary:
 125:.\Generated_Source\PSoC5/isr_rx.c **** *   Disables and removes the interrupt.
 126:.\Generated_Source\PSoC5/isr_rx.c **** *
 127:.\Generated_Source\PSoC5/isr_rx.c **** * Parameters:  
 128:.\Generated_Source\PSoC5/isr_rx.c **** *   None
 129:.\Generated_Source\PSoC5/isr_rx.c **** *
 130:.\Generated_Source\PSoC5/isr_rx.c **** * Return:
 131:.\Generated_Source\PSoC5/isr_rx.c **** *   None
 132:.\Generated_Source\PSoC5/isr_rx.c **** *
 133:.\Generated_Source\PSoC5/isr_rx.c **** *******************************************************************************/
 134:.\Generated_Source\PSoC5/isr_rx.c **** void isr_rx_Stop(void)
 135:.\Generated_Source\PSoC5/isr_rx.c **** {
 136:.\Generated_Source\PSoC5/isr_rx.c ****     /* Disable this interrupt. */
 137:.\Generated_Source\PSoC5/isr_rx.c ****     isr_rx_Disable();
 138:.\Generated_Source\PSoC5/isr_rx.c **** 
 139:.\Generated_Source\PSoC5/isr_rx.c ****     /* Set the ISR to point to the passive one. */
 140:.\Generated_Source\PSoC5/isr_rx.c ****     isr_rx_SetVector(&IntDefaultHandler);
 141:.\Generated_Source\PSoC5/isr_rx.c **** }
 142:.\Generated_Source\PSoC5/isr_rx.c **** 
 143:.\Generated_Source\PSoC5/isr_rx.c **** 
 144:.\Generated_Source\PSoC5/isr_rx.c **** /*******************************************************************************
 145:.\Generated_Source\PSoC5/isr_rx.c **** * Function Name: isr_rx_Interrupt
ARM GAS  C:\Users\lenovo\AppData\Local\Temp\ccSKfcxi.s 			page 4


 146:.\Generated_Source\PSoC5/isr_rx.c **** ********************************************************************************
 147:.\Generated_Source\PSoC5/isr_rx.c **** *
 148:.\Generated_Source\PSoC5/isr_rx.c **** * Summary:
 149:.\Generated_Source\PSoC5/isr_rx.c **** *   The default Interrupt Service Routine for isr_rx.
 150:.\Generated_Source\PSoC5/isr_rx.c **** *
 151:.\Generated_Source\PSoC5/isr_rx.c **** *   Add custom code between the coments to keep the next version of this file
 152:.\Generated_Source\PSoC5/isr_rx.c **** *   from over writting your code.
 153:.\Generated_Source\PSoC5/isr_rx.c **** *
 154:.\Generated_Source\PSoC5/isr_rx.c **** * Parameters:  
 155:.\Generated_Source\PSoC5/isr_rx.c **** *
 156:.\Generated_Source\PSoC5/isr_rx.c **** * Return:
 157:.\Generated_Source\PSoC5/isr_rx.c **** *   None
 158:.\Generated_Source\PSoC5/isr_rx.c **** *
 159:.\Generated_Source\PSoC5/isr_rx.c **** *******************************************************************************/
 160:.\Generated_Source\PSoC5/isr_rx.c **** 
 161:.\Generated_Source\PSoC5/isr_rx.c **** 
 162:.\Generated_Source\PSoC5/isr_rx.c **** 
 163:.\Generated_Source\PSoC5/isr_rx.c **** /*******************************************************************************
 164:.\Generated_Source\PSoC5/isr_rx.c **** * Function Name: isr_rx_SetVector
 165:.\Generated_Source\PSoC5/isr_rx.c **** ********************************************************************************
 166:.\Generated_Source\PSoC5/isr_rx.c **** *
 167:.\Generated_Source\PSoC5/isr_rx.c **** * Summary:
 168:.\Generated_Source\PSoC5/isr_rx.c **** *   Change the ISR vector for the Interrupt. Note calling isr_rx_Start
 169:.\Generated_Source\PSoC5/isr_rx.c **** *   will override any effect this method would have had. To set the vector 
 170:.\Generated_Source\PSoC5/isr_rx.c **** *   before the component has been started use isr_rx_StartEx instead.
 171:.\Generated_Source\PSoC5/isr_rx.c **** * 
 172:.\Generated_Source\PSoC5/isr_rx.c **** *   When defining ISR functions, the CY_ISR and CY_ISR_PROTO macros should be 
 173:.\Generated_Source\PSoC5/isr_rx.c **** *   used to provide consistent definition across compilers:
 174:.\Generated_Source\PSoC5/isr_rx.c **** *
 175:.\Generated_Source\PSoC5/isr_rx.c **** *   Function definition example:
 176:.\Generated_Source\PSoC5/isr_rx.c **** *   CY_ISR(MyISR)
 177:.\Generated_Source\PSoC5/isr_rx.c **** *   {
 178:.\Generated_Source\PSoC5/isr_rx.c **** *   }
 179:.\Generated_Source\PSoC5/isr_rx.c **** *
 180:.\Generated_Source\PSoC5/isr_rx.c **** *   Function prototype example:
 181:.\Generated_Source\PSoC5/isr_rx.c **** *     CY_ISR_PROTO(MyISR);
 182:.\Generated_Source\PSoC5/isr_rx.c **** *
 183:.\Generated_Source\PSoC5/isr_rx.c **** * Parameters:
 184:.\Generated_Source\PSoC5/isr_rx.c **** *   address: Address of the ISR to set in the interrupt vector table.
 185:.\Generated_Source\PSoC5/isr_rx.c **** *
 186:.\Generated_Source\PSoC5/isr_rx.c **** * Return:
 187:.\Generated_Source\PSoC5/isr_rx.c **** *   None
 188:.\Generated_Source\PSoC5/isr_rx.c **** *
 189:.\Generated_Source\PSoC5/isr_rx.c **** *******************************************************************************/
 190:.\Generated_Source\PSoC5/isr_rx.c **** void isr_rx_SetVector(cyisraddress address)
 191:.\Generated_Source\PSoC5/isr_rx.c **** {
  27              		.loc 1 191 0
  28              		.cfi_startproc
  29              		@ args = 0, pretend = 0, frame = 0
  30              		@ frame_needed = 0, uses_anonymous_args = 0
  31              		@ link register save eliminated.
  32              	.LVL0:
 192:.\Generated_Source\PSoC5/isr_rx.c ****     cyisraddress * ramVectorTable;
 193:.\Generated_Source\PSoC5/isr_rx.c **** 
 194:.\Generated_Source\PSoC5/isr_rx.c ****     ramVectorTable = (cyisraddress *) *CYINT_VECT_TABLE;
  33              		.loc 1 194 0
  34 0000 014B     		ldr	r3, .L2
ARM GAS  C:\Users\lenovo\AppData\Local\Temp\ccSKfcxi.s 			page 5


  35 0002 1B68     		ldr	r3, [r3]
  36              	.LVL1:
 195:.\Generated_Source\PSoC5/isr_rx.c **** 
 196:.\Generated_Source\PSoC5/isr_rx.c ****     ramVectorTable[CYINT_IRQ_BASE + (uint32)isr_rx__INTC_NUMBER] = address;
  37              		.loc 1 196 0
  38 0004 1864     		str	r0, [r3, #64]
  39 0006 7047     		bx	lr
  40              	.L3:
  41              		.align	2
  42              	.L2:
  43 0008 08ED00E0 		.word	-536810232
  44              		.cfi_endproc
  45              	.LFE66:
  46              		.size	isr_rx_SetVector, .-isr_rx_SetVector
  47              		.section	.text.isr_rx_GetVector,"ax",%progbits
  48              		.align	2
  49              		.global	isr_rx_GetVector
  50              		.thumb
  51              		.thumb_func
  52              		.type	isr_rx_GetVector, %function
  53              	isr_rx_GetVector:
  54              	.LFB67:
 197:.\Generated_Source\PSoC5/isr_rx.c **** }
 198:.\Generated_Source\PSoC5/isr_rx.c **** 
 199:.\Generated_Source\PSoC5/isr_rx.c **** 
 200:.\Generated_Source\PSoC5/isr_rx.c **** /*******************************************************************************
 201:.\Generated_Source\PSoC5/isr_rx.c **** * Function Name: isr_rx_GetVector
 202:.\Generated_Source\PSoC5/isr_rx.c **** ********************************************************************************
 203:.\Generated_Source\PSoC5/isr_rx.c **** *
 204:.\Generated_Source\PSoC5/isr_rx.c **** * Summary:
 205:.\Generated_Source\PSoC5/isr_rx.c **** *   Gets the "address" of the current ISR vector for the Interrupt.
 206:.\Generated_Source\PSoC5/isr_rx.c **** *
 207:.\Generated_Source\PSoC5/isr_rx.c **** * Parameters:
 208:.\Generated_Source\PSoC5/isr_rx.c **** *   None
 209:.\Generated_Source\PSoC5/isr_rx.c **** *
 210:.\Generated_Source\PSoC5/isr_rx.c **** * Return:
 211:.\Generated_Source\PSoC5/isr_rx.c **** *   Address of the ISR in the interrupt vector table.
 212:.\Generated_Source\PSoC5/isr_rx.c **** *
 213:.\Generated_Source\PSoC5/isr_rx.c **** *******************************************************************************/
 214:.\Generated_Source\PSoC5/isr_rx.c **** cyisraddress isr_rx_GetVector(void)
 215:.\Generated_Source\PSoC5/isr_rx.c **** {
  55              		.loc 1 215 0
  56              		.cfi_startproc
  57              		@ args = 0, pretend = 0, frame = 0
  58              		@ frame_needed = 0, uses_anonymous_args = 0
  59              		@ link register save eliminated.
 216:.\Generated_Source\PSoC5/isr_rx.c ****     cyisraddress * ramVectorTable;
 217:.\Generated_Source\PSoC5/isr_rx.c **** 
 218:.\Generated_Source\PSoC5/isr_rx.c ****     ramVectorTable = (cyisraddress *) *CYINT_VECT_TABLE;
  60              		.loc 1 218 0
  61 0000 014B     		ldr	r3, .L5
  62 0002 1B68     		ldr	r3, [r3]
  63              	.LVL2:
 219:.\Generated_Source\PSoC5/isr_rx.c **** 
 220:.\Generated_Source\PSoC5/isr_rx.c ****     return ramVectorTable[CYINT_IRQ_BASE + (uint32)isr_rx__INTC_NUMBER];
 221:.\Generated_Source\PSoC5/isr_rx.c **** }
  64              		.loc 1 221 0
ARM GAS  C:\Users\lenovo\AppData\Local\Temp\ccSKfcxi.s 			page 6


  65 0004 186C     		ldr	r0, [r3, #64]
  66 0006 7047     		bx	lr
  67              	.L6:
  68              		.align	2
  69              	.L5:
  70 0008 08ED00E0 		.word	-536810232
  71              		.cfi_endproc
  72              	.LFE67:
  73              		.size	isr_rx_GetVector, .-isr_rx_GetVector
  74              		.section	.text.isr_rx_SetPriority,"ax",%progbits
  75              		.align	2
  76              		.global	isr_rx_SetPriority
  77              		.thumb
  78              		.thumb_func
  79              		.type	isr_rx_SetPriority, %function
  80              	isr_rx_SetPriority:
  81              	.LFB68:
 222:.\Generated_Source\PSoC5/isr_rx.c **** 
 223:.\Generated_Source\PSoC5/isr_rx.c **** 
 224:.\Generated_Source\PSoC5/isr_rx.c **** /*******************************************************************************
 225:.\Generated_Source\PSoC5/isr_rx.c **** * Function Name: isr_rx_SetPriority
 226:.\Generated_Source\PSoC5/isr_rx.c **** ********************************************************************************
 227:.\Generated_Source\PSoC5/isr_rx.c **** *
 228:.\Generated_Source\PSoC5/isr_rx.c **** * Summary:
 229:.\Generated_Source\PSoC5/isr_rx.c **** *   Sets the Priority of the Interrupt. 
 230:.\Generated_Source\PSoC5/isr_rx.c **** *
 231:.\Generated_Source\PSoC5/isr_rx.c **** *   Note calling isr_rx_Start or isr_rx_StartEx will 
 232:.\Generated_Source\PSoC5/isr_rx.c **** *   override any effect this API would have had. This API should only be called
 233:.\Generated_Source\PSoC5/isr_rx.c **** *   after isr_rx_Start or isr_rx_StartEx has been called. 
 234:.\Generated_Source\PSoC5/isr_rx.c **** *   To set the initial priority for the component, use the Design-Wide Resources
 235:.\Generated_Source\PSoC5/isr_rx.c **** *   Interrupt Editor.
 236:.\Generated_Source\PSoC5/isr_rx.c **** *
 237:.\Generated_Source\PSoC5/isr_rx.c **** *   Note This API has no effect on Non-maskable interrupt NMI).
 238:.\Generated_Source\PSoC5/isr_rx.c **** *
 239:.\Generated_Source\PSoC5/isr_rx.c **** * Parameters:
 240:.\Generated_Source\PSoC5/isr_rx.c **** *   priority: Priority of the interrupt, 0 being the highest priority
 241:.\Generated_Source\PSoC5/isr_rx.c **** *             PSoC 3 and PSoC 5LP: Priority is from 0 to 7.
 242:.\Generated_Source\PSoC5/isr_rx.c **** *             PSoC 4: Priority is from 0 to 3.
 243:.\Generated_Source\PSoC5/isr_rx.c **** *
 244:.\Generated_Source\PSoC5/isr_rx.c **** * Return:
 245:.\Generated_Source\PSoC5/isr_rx.c **** *   None
 246:.\Generated_Source\PSoC5/isr_rx.c **** *
 247:.\Generated_Source\PSoC5/isr_rx.c **** *******************************************************************************/
 248:.\Generated_Source\PSoC5/isr_rx.c **** void isr_rx_SetPriority(uint8 priority)
 249:.\Generated_Source\PSoC5/isr_rx.c **** {
  82              		.loc 1 249 0
  83              		.cfi_startproc
  84              		@ args = 0, pretend = 0, frame = 0
  85              		@ frame_needed = 0, uses_anonymous_args = 0
  86              		@ link register save eliminated.
  87              	.LVL3:
 250:.\Generated_Source\PSoC5/isr_rx.c ****     *isr_rx_INTC_PRIOR = priority << 5;
  88              		.loc 1 250 0
  89 0000 4001     		lsls	r0, r0, #5
  90              	.LVL4:
  91 0002 C0B2     		uxtb	r0, r0
  92 0004 014B     		ldr	r3, .L8
ARM GAS  C:\Users\lenovo\AppData\Local\Temp\ccSKfcxi.s 			page 7


  93 0006 1870     		strb	r0, [r3]
  94 0008 7047     		bx	lr
  95              	.L9:
  96 000a 00BF     		.align	2
  97              	.L8:
  98 000c 00E400E0 		.word	-536812544
  99              		.cfi_endproc
 100              	.LFE68:
 101              		.size	isr_rx_SetPriority, .-isr_rx_SetPriority
 102              		.section	.text.isr_rx_GetPriority,"ax",%progbits
 103              		.align	2
 104              		.global	isr_rx_GetPriority
 105              		.thumb
 106              		.thumb_func
 107              		.type	isr_rx_GetPriority, %function
 108              	isr_rx_GetPriority:
 109              	.LFB69:
 251:.\Generated_Source\PSoC5/isr_rx.c **** }
 252:.\Generated_Source\PSoC5/isr_rx.c **** 
 253:.\Generated_Source\PSoC5/isr_rx.c **** 
 254:.\Generated_Source\PSoC5/isr_rx.c **** /*******************************************************************************
 255:.\Generated_Source\PSoC5/isr_rx.c **** * Function Name: isr_rx_GetPriority
 256:.\Generated_Source\PSoC5/isr_rx.c **** ********************************************************************************
 257:.\Generated_Source\PSoC5/isr_rx.c **** *
 258:.\Generated_Source\PSoC5/isr_rx.c **** * Summary:
 259:.\Generated_Source\PSoC5/isr_rx.c **** *   Gets the Priority of the Interrupt.
 260:.\Generated_Source\PSoC5/isr_rx.c **** *
 261:.\Generated_Source\PSoC5/isr_rx.c **** * Parameters:
 262:.\Generated_Source\PSoC5/isr_rx.c **** *   None
 263:.\Generated_Source\PSoC5/isr_rx.c **** *
 264:.\Generated_Source\PSoC5/isr_rx.c **** * Return:
 265:.\Generated_Source\PSoC5/isr_rx.c **** *   Priority of the interrupt, 0 being the highest priority
 266:.\Generated_Source\PSoC5/isr_rx.c **** *    PSoC 3 and PSoC 5LP: Priority is from 0 to 7.
 267:.\Generated_Source\PSoC5/isr_rx.c **** *    PSoC 4: Priority is from 0 to 3.
 268:.\Generated_Source\PSoC5/isr_rx.c **** *
 269:.\Generated_Source\PSoC5/isr_rx.c **** *******************************************************************************/
 270:.\Generated_Source\PSoC5/isr_rx.c **** uint8 isr_rx_GetPriority(void)
 271:.\Generated_Source\PSoC5/isr_rx.c **** {
 110              		.loc 1 271 0
 111              		.cfi_startproc
 112              		@ args = 0, pretend = 0, frame = 0
 113              		@ frame_needed = 0, uses_anonymous_args = 0
 114              		@ link register save eliminated.
 272:.\Generated_Source\PSoC5/isr_rx.c ****     uint8 priority;
 273:.\Generated_Source\PSoC5/isr_rx.c **** 
 274:.\Generated_Source\PSoC5/isr_rx.c **** 
 275:.\Generated_Source\PSoC5/isr_rx.c ****     priority = *isr_rx_INTC_PRIOR >> 5;
 115              		.loc 1 275 0
 116 0000 014B     		ldr	r3, .L11
 117 0002 1878     		ldrb	r0, [r3]	@ zero_extendqisi2
 118              	.LVL5:
 276:.\Generated_Source\PSoC5/isr_rx.c **** 
 277:.\Generated_Source\PSoC5/isr_rx.c ****     return priority;
 278:.\Generated_Source\PSoC5/isr_rx.c **** }
 119              		.loc 1 278 0
 120 0004 4009     		lsrs	r0, r0, #5
 121              	.LVL6:
ARM GAS  C:\Users\lenovo\AppData\Local\Temp\ccSKfcxi.s 			page 8


 122 0006 7047     		bx	lr
 123              	.L12:
 124              		.align	2
 125              	.L11:
 126 0008 00E400E0 		.word	-536812544
 127              		.cfi_endproc
 128              	.LFE69:
 129              		.size	isr_rx_GetPriority, .-isr_rx_GetPriority
 130              		.section	.text.isr_rx_Enable,"ax",%progbits
 131              		.align	2
 132              		.global	isr_rx_Enable
 133              		.thumb
 134              		.thumb_func
 135              		.type	isr_rx_Enable, %function
 136              	isr_rx_Enable:
 137              	.LFB70:
 279:.\Generated_Source\PSoC5/isr_rx.c **** 
 280:.\Generated_Source\PSoC5/isr_rx.c **** 
 281:.\Generated_Source\PSoC5/isr_rx.c **** /*******************************************************************************
 282:.\Generated_Source\PSoC5/isr_rx.c **** * Function Name: isr_rx_Enable
 283:.\Generated_Source\PSoC5/isr_rx.c **** ********************************************************************************
 284:.\Generated_Source\PSoC5/isr_rx.c **** *
 285:.\Generated_Source\PSoC5/isr_rx.c **** * Summary:
 286:.\Generated_Source\PSoC5/isr_rx.c **** *   Enables the interrupt to the interrupt controller. Do not call this function
 287:.\Generated_Source\PSoC5/isr_rx.c **** *   unless ISR_Start() has been called or the functionality of the ISR_Start() 
 288:.\Generated_Source\PSoC5/isr_rx.c **** *   function, which sets the vector and the priority, has been called.
 289:.\Generated_Source\PSoC5/isr_rx.c **** *
 290:.\Generated_Source\PSoC5/isr_rx.c **** * Parameters:
 291:.\Generated_Source\PSoC5/isr_rx.c **** *   None
 292:.\Generated_Source\PSoC5/isr_rx.c **** *
 293:.\Generated_Source\PSoC5/isr_rx.c **** * Return:
 294:.\Generated_Source\PSoC5/isr_rx.c **** *   None
 295:.\Generated_Source\PSoC5/isr_rx.c **** *
 296:.\Generated_Source\PSoC5/isr_rx.c **** *******************************************************************************/
 297:.\Generated_Source\PSoC5/isr_rx.c **** void isr_rx_Enable(void)
 298:.\Generated_Source\PSoC5/isr_rx.c **** {
 138              		.loc 1 298 0
 139              		.cfi_startproc
 140              		@ args = 0, pretend = 0, frame = 0
 141              		@ frame_needed = 0, uses_anonymous_args = 0
 142              		@ link register save eliminated.
 299:.\Generated_Source\PSoC5/isr_rx.c ****     /* Enable the general interrupt. */
 300:.\Generated_Source\PSoC5/isr_rx.c ****     *isr_rx_INTC_SET_EN = isr_rx__INTC_MASK;
 143              		.loc 1 300 0
 144 0000 0122     		movs	r2, #1
 145 0002 014B     		ldr	r3, .L14
 146 0004 1A60     		str	r2, [r3]
 147 0006 7047     		bx	lr
 148              	.L15:
 149              		.align	2
 150              	.L14:
 151 0008 00E100E0 		.word	-536813312
 152              		.cfi_endproc
 153              	.LFE70:
 154              		.size	isr_rx_Enable, .-isr_rx_Enable
 155              		.section	.text.isr_rx_GetState,"ax",%progbits
 156              		.align	2
ARM GAS  C:\Users\lenovo\AppData\Local\Temp\ccSKfcxi.s 			page 9


 157              		.global	isr_rx_GetState
 158              		.thumb
 159              		.thumb_func
 160              		.type	isr_rx_GetState, %function
 161              	isr_rx_GetState:
 162              	.LFB71:
 301:.\Generated_Source\PSoC5/isr_rx.c **** }
 302:.\Generated_Source\PSoC5/isr_rx.c **** 
 303:.\Generated_Source\PSoC5/isr_rx.c **** 
 304:.\Generated_Source\PSoC5/isr_rx.c **** /*******************************************************************************
 305:.\Generated_Source\PSoC5/isr_rx.c **** * Function Name: isr_rx_GetState
 306:.\Generated_Source\PSoC5/isr_rx.c **** ********************************************************************************
 307:.\Generated_Source\PSoC5/isr_rx.c **** *
 308:.\Generated_Source\PSoC5/isr_rx.c **** * Summary:
 309:.\Generated_Source\PSoC5/isr_rx.c **** *   Gets the state (enabled, disabled) of the Interrupt.
 310:.\Generated_Source\PSoC5/isr_rx.c **** *
 311:.\Generated_Source\PSoC5/isr_rx.c **** * Parameters:
 312:.\Generated_Source\PSoC5/isr_rx.c **** *   None
 313:.\Generated_Source\PSoC5/isr_rx.c **** *
 314:.\Generated_Source\PSoC5/isr_rx.c **** * Return:
 315:.\Generated_Source\PSoC5/isr_rx.c **** *   1 if enabled, 0 if disabled.
 316:.\Generated_Source\PSoC5/isr_rx.c **** *
 317:.\Generated_Source\PSoC5/isr_rx.c **** *******************************************************************************/
 318:.\Generated_Source\PSoC5/isr_rx.c **** uint8 isr_rx_GetState(void)
 319:.\Generated_Source\PSoC5/isr_rx.c **** {
 163              		.loc 1 319 0
 164              		.cfi_startproc
 165              		@ args = 0, pretend = 0, frame = 0
 166              		@ frame_needed = 0, uses_anonymous_args = 0
 167              		@ link register save eliminated.
 320:.\Generated_Source\PSoC5/isr_rx.c ****     /* Get the state of the general interrupt. */
 321:.\Generated_Source\PSoC5/isr_rx.c ****     return ((*isr_rx_INTC_SET_EN & (uint32)isr_rx__INTC_MASK) != 0u) ? 1u:0u;
 168              		.loc 1 321 0
 169 0000 024B     		ldr	r3, .L17
 170 0002 1868     		ldr	r0, [r3]
 322:.\Generated_Source\PSoC5/isr_rx.c **** }
 171              		.loc 1 322 0
 172 0004 00F00100 		and	r0, r0, #1
 173 0008 7047     		bx	lr
 174              	.L18:
 175 000a 00BF     		.align	2
 176              	.L17:
 177 000c 00E100E0 		.word	-536813312
 178              		.cfi_endproc
 179              	.LFE71:
 180              		.size	isr_rx_GetState, .-isr_rx_GetState
 181              		.section	.text.isr_rx_Disable,"ax",%progbits
 182              		.align	2
 183              		.global	isr_rx_Disable
 184              		.thumb
 185              		.thumb_func
 186              		.type	isr_rx_Disable, %function
 187              	isr_rx_Disable:
 188              	.LFB72:
 323:.\Generated_Source\PSoC5/isr_rx.c **** 
 324:.\Generated_Source\PSoC5/isr_rx.c **** 
 325:.\Generated_Source\PSoC5/isr_rx.c **** /*******************************************************************************
ARM GAS  C:\Users\lenovo\AppData\Local\Temp\ccSKfcxi.s 			page 10


 326:.\Generated_Source\PSoC5/isr_rx.c **** * Function Name: isr_rx_Disable
 327:.\Generated_Source\PSoC5/isr_rx.c **** ********************************************************************************
 328:.\Generated_Source\PSoC5/isr_rx.c **** *
 329:.\Generated_Source\PSoC5/isr_rx.c **** * Summary:
 330:.\Generated_Source\PSoC5/isr_rx.c **** *   Disables the Interrupt in the interrupt controller.
 331:.\Generated_Source\PSoC5/isr_rx.c **** *
 332:.\Generated_Source\PSoC5/isr_rx.c **** * Parameters:
 333:.\Generated_Source\PSoC5/isr_rx.c **** *   None
 334:.\Generated_Source\PSoC5/isr_rx.c **** *
 335:.\Generated_Source\PSoC5/isr_rx.c **** * Return:
 336:.\Generated_Source\PSoC5/isr_rx.c **** *   None
 337:.\Generated_Source\PSoC5/isr_rx.c **** *
 338:.\Generated_Source\PSoC5/isr_rx.c **** *******************************************************************************/
 339:.\Generated_Source\PSoC5/isr_rx.c **** void isr_rx_Disable(void)
 340:.\Generated_Source\PSoC5/isr_rx.c **** {
 189              		.loc 1 340 0
 190              		.cfi_startproc
 191              		@ args = 0, pretend = 0, frame = 0
 192              		@ frame_needed = 0, uses_anonymous_args = 0
 193              		@ link register save eliminated.
 341:.\Generated_Source\PSoC5/isr_rx.c ****     /* Disable the general interrupt. */
 342:.\Generated_Source\PSoC5/isr_rx.c ****     *isr_rx_INTC_CLR_EN = isr_rx__INTC_MASK;
 194              		.loc 1 342 0
 195 0000 0122     		movs	r2, #1
 196 0002 014B     		ldr	r3, .L20
 197 0004 1A60     		str	r2, [r3]
 198 0006 7047     		bx	lr
 199              	.L21:
 200              		.align	2
 201              	.L20:
 202 0008 80E100E0 		.word	-536813184
 203              		.cfi_endproc
 204              	.LFE72:
 205              		.size	isr_rx_Disable, .-isr_rx_Disable
 206              		.section	.text.isr_rx_Start,"ax",%progbits
 207              		.align	2
 208              		.global	isr_rx_Start
 209              		.thumb
 210              		.thumb_func
 211              		.type	isr_rx_Start, %function
 212              	isr_rx_Start:
 213              	.LFB63:
  62:.\Generated_Source\PSoC5/isr_rx.c ****     /* For all we know the interrupt is active. */
 214              		.loc 1 62 0
 215              		.cfi_startproc
 216              		@ args = 0, pretend = 0, frame = 0
 217              		@ frame_needed = 0, uses_anonymous_args = 0
 218 0000 08B5     		push	{r3, lr}
 219              		.cfi_def_cfa_offset 8
 220              		.cfi_offset 3, -8
 221              		.cfi_offset 14, -4
  64:.\Generated_Source\PSoC5/isr_rx.c **** 
 222              		.loc 1 64 0
 223 0002 FFF7FEFF 		bl	isr_rx_Disable
 224              	.LVL7:
  67:.\Generated_Source\PSoC5/isr_rx.c **** 
 225              		.loc 1 67 0
ARM GAS  C:\Users\lenovo\AppData\Local\Temp\ccSKfcxi.s 			page 11


 226 0006 0448     		ldr	r0, .L24
 227 0008 FFF7FEFF 		bl	isr_rx_SetVector
 228              	.LVL8:
  70:.\Generated_Source\PSoC5/isr_rx.c **** 
 229              		.loc 1 70 0
 230 000c 0720     		movs	r0, #7
 231 000e FFF7FEFF 		bl	isr_rx_SetPriority
 232              	.LVL9:
  73:.\Generated_Source\PSoC5/isr_rx.c **** }
 233              		.loc 1 73 0
 234 0012 FFF7FEFF 		bl	isr_rx_Enable
 235              	.LVL10:
 236 0016 08BD     		pop	{r3, pc}
 237              	.L25:
 238              		.align	2
 239              	.L24:
 240 0018 00000000 		.word	isr_rx_Interrupt
 241              		.cfi_endproc
 242              	.LFE63:
 243              		.size	isr_rx_Start, .-isr_rx_Start
 244              		.section	.text.isr_rx_StartEx,"ax",%progbits
 245              		.align	2
 246              		.global	isr_rx_StartEx
 247              		.thumb
 248              		.thumb_func
 249              		.type	isr_rx_StartEx, %function
 250              	isr_rx_StartEx:
 251              	.LFB64:
 105:.\Generated_Source\PSoC5/isr_rx.c ****     /* For all we know the interrupt is active. */
 252              		.loc 1 105 0
 253              		.cfi_startproc
 254              		@ args = 0, pretend = 0, frame = 0
 255              		@ frame_needed = 0, uses_anonymous_args = 0
 256              	.LVL11:
 257 0000 10B5     		push	{r4, lr}
 258              		.cfi_def_cfa_offset 8
 259              		.cfi_offset 4, -8
 260              		.cfi_offset 14, -4
 261 0002 0446     		mov	r4, r0
 107:.\Generated_Source\PSoC5/isr_rx.c **** 
 262              		.loc 1 107 0
 263 0004 FFF7FEFF 		bl	isr_rx_Disable
 264              	.LVL12:
 110:.\Generated_Source\PSoC5/isr_rx.c **** 
 265              		.loc 1 110 0
 266 0008 2046     		mov	r0, r4
 267 000a FFF7FEFF 		bl	isr_rx_SetVector
 268              	.LVL13:
 113:.\Generated_Source\PSoC5/isr_rx.c **** 
 269              		.loc 1 113 0
 270 000e 0720     		movs	r0, #7
 271 0010 FFF7FEFF 		bl	isr_rx_SetPriority
 272              	.LVL14:
 116:.\Generated_Source\PSoC5/isr_rx.c **** }
 273              		.loc 1 116 0
 274 0014 FFF7FEFF 		bl	isr_rx_Enable
 275              	.LVL15:
ARM GAS  C:\Users\lenovo\AppData\Local\Temp\ccSKfcxi.s 			page 12


 276 0018 10BD     		pop	{r4, pc}
 277              		.cfi_endproc
 278              	.LFE64:
 279              		.size	isr_rx_StartEx, .-isr_rx_StartEx
 280 001a 00BF     		.section	.text.isr_rx_Stop,"ax",%progbits
 281              		.align	2
 282              		.global	isr_rx_Stop
 283              		.thumb
 284              		.thumb_func
 285              		.type	isr_rx_Stop, %function
 286              	isr_rx_Stop:
 287              	.LFB65:
 135:.\Generated_Source\PSoC5/isr_rx.c ****     /* Disable this interrupt. */
 288              		.loc 1 135 0
 289              		.cfi_startproc
 290              		@ args = 0, pretend = 0, frame = 0
 291              		@ frame_needed = 0, uses_anonymous_args = 0
 292 0000 08B5     		push	{r3, lr}
 293              		.cfi_def_cfa_offset 8
 294              		.cfi_offset 3, -8
 295              		.cfi_offset 14, -4
 137:.\Generated_Source\PSoC5/isr_rx.c **** 
 296              		.loc 1 137 0
 297 0002 FFF7FEFF 		bl	isr_rx_Disable
 298              	.LVL16:
 140:.\Generated_Source\PSoC5/isr_rx.c **** }
 299              		.loc 1 140 0
 300 0006 0248     		ldr	r0, .L30
 301 0008 FFF7FEFF 		bl	isr_rx_SetVector
 302              	.LVL17:
 303 000c 08BD     		pop	{r3, pc}
 304              	.L31:
 305 000e 00BF     		.align	2
 306              	.L30:
 307 0010 00000000 		.word	IntDefaultHandler
 308              		.cfi_endproc
 309              	.LFE65:
 310              		.size	isr_rx_Stop, .-isr_rx_Stop
 311              		.section	.text.isr_rx_SetPending,"ax",%progbits
 312              		.align	2
 313              		.global	isr_rx_SetPending
 314              		.thumb
 315              		.thumb_func
 316              		.type	isr_rx_SetPending, %function
 317              	isr_rx_SetPending:
 318              	.LFB73:
 343:.\Generated_Source\PSoC5/isr_rx.c **** }
 344:.\Generated_Source\PSoC5/isr_rx.c **** 
 345:.\Generated_Source\PSoC5/isr_rx.c **** 
 346:.\Generated_Source\PSoC5/isr_rx.c **** /*******************************************************************************
 347:.\Generated_Source\PSoC5/isr_rx.c **** * Function Name: isr_rx_SetPending
 348:.\Generated_Source\PSoC5/isr_rx.c **** ********************************************************************************
 349:.\Generated_Source\PSoC5/isr_rx.c **** *
 350:.\Generated_Source\PSoC5/isr_rx.c **** * Summary:
 351:.\Generated_Source\PSoC5/isr_rx.c **** *   Causes the Interrupt to enter the pending state, a software method of
 352:.\Generated_Source\PSoC5/isr_rx.c **** *   generating the interrupt.
 353:.\Generated_Source\PSoC5/isr_rx.c **** *
ARM GAS  C:\Users\lenovo\AppData\Local\Temp\ccSKfcxi.s 			page 13


 354:.\Generated_Source\PSoC5/isr_rx.c **** * Parameters:
 355:.\Generated_Source\PSoC5/isr_rx.c **** *   None
 356:.\Generated_Source\PSoC5/isr_rx.c **** *
 357:.\Generated_Source\PSoC5/isr_rx.c **** * Return:
 358:.\Generated_Source\PSoC5/isr_rx.c **** *   None
 359:.\Generated_Source\PSoC5/isr_rx.c **** *
 360:.\Generated_Source\PSoC5/isr_rx.c **** * Side Effects:
 361:.\Generated_Source\PSoC5/isr_rx.c **** *   If interrupts are enabled and the interrupt is set up properly, the ISR is
 362:.\Generated_Source\PSoC5/isr_rx.c **** *   entered (depending on the priority of this interrupt and other pending 
 363:.\Generated_Source\PSoC5/isr_rx.c **** *   interrupts).
 364:.\Generated_Source\PSoC5/isr_rx.c **** *
 365:.\Generated_Source\PSoC5/isr_rx.c **** *******************************************************************************/
 366:.\Generated_Source\PSoC5/isr_rx.c **** void isr_rx_SetPending(void)
 367:.\Generated_Source\PSoC5/isr_rx.c **** {
 319              		.loc 1 367 0
 320              		.cfi_startproc
 321              		@ args = 0, pretend = 0, frame = 0
 322              		@ frame_needed = 0, uses_anonymous_args = 0
 323              		@ link register save eliminated.
 368:.\Generated_Source\PSoC5/isr_rx.c ****     *isr_rx_INTC_SET_PD = isr_rx__INTC_MASK;
 324              		.loc 1 368 0
 325 0000 0122     		movs	r2, #1
 326 0002 014B     		ldr	r3, .L33
 327 0004 1A60     		str	r2, [r3]
 328 0006 7047     		bx	lr
 329              	.L34:
 330              		.align	2
 331              	.L33:
 332 0008 00E200E0 		.word	-536813056
 333              		.cfi_endproc
 334              	.LFE73:
 335              		.size	isr_rx_SetPending, .-isr_rx_SetPending
 336              		.section	.text.isr_rx_ClearPending,"ax",%progbits
 337              		.align	2
 338              		.global	isr_rx_ClearPending
 339              		.thumb
 340              		.thumb_func
 341              		.type	isr_rx_ClearPending, %function
 342              	isr_rx_ClearPending:
 343              	.LFB74:
 369:.\Generated_Source\PSoC5/isr_rx.c **** }
 370:.\Generated_Source\PSoC5/isr_rx.c **** 
 371:.\Generated_Source\PSoC5/isr_rx.c **** 
 372:.\Generated_Source\PSoC5/isr_rx.c **** /*******************************************************************************
 373:.\Generated_Source\PSoC5/isr_rx.c **** * Function Name: isr_rx_ClearPending
 374:.\Generated_Source\PSoC5/isr_rx.c **** ********************************************************************************
 375:.\Generated_Source\PSoC5/isr_rx.c **** *
 376:.\Generated_Source\PSoC5/isr_rx.c **** * Summary:
 377:.\Generated_Source\PSoC5/isr_rx.c **** *   Clears a pending interrupt in the interrupt controller.
 378:.\Generated_Source\PSoC5/isr_rx.c **** *
 379:.\Generated_Source\PSoC5/isr_rx.c **** *   Note Some interrupt sources are clear-on-read and require the block 
 380:.\Generated_Source\PSoC5/isr_rx.c **** *   interrupt/status register to be read/cleared with the appropriate block API 
 381:.\Generated_Source\PSoC5/isr_rx.c **** *   (GPIO, UART, and so on). Otherwise the ISR will continue to remain in 
 382:.\Generated_Source\PSoC5/isr_rx.c **** *   pending state even though the interrupt itself is cleared using this API.
 383:.\Generated_Source\PSoC5/isr_rx.c **** *
 384:.\Generated_Source\PSoC5/isr_rx.c **** * Parameters:
 385:.\Generated_Source\PSoC5/isr_rx.c **** *   None
ARM GAS  C:\Users\lenovo\AppData\Local\Temp\ccSKfcxi.s 			page 14


 386:.\Generated_Source\PSoC5/isr_rx.c **** *
 387:.\Generated_Source\PSoC5/isr_rx.c **** * Return:
 388:.\Generated_Source\PSoC5/isr_rx.c **** *   None
 389:.\Generated_Source\PSoC5/isr_rx.c **** *
 390:.\Generated_Source\PSoC5/isr_rx.c **** *******************************************************************************/
 391:.\Generated_Source\PSoC5/isr_rx.c **** void isr_rx_ClearPending(void)
 392:.\Generated_Source\PSoC5/isr_rx.c **** {
 344              		.loc 1 392 0
 345              		.cfi_startproc
 346              		@ args = 0, pretend = 0, frame = 0
 347              		@ frame_needed = 0, uses_anonymous_args = 0
 348              		@ link register save eliminated.
 393:.\Generated_Source\PSoC5/isr_rx.c ****     *isr_rx_INTC_CLR_PD = isr_rx__INTC_MASK;
 349              		.loc 1 393 0
 350 0000 0122     		movs	r2, #1
 351 0002 014B     		ldr	r3, .L36
 352 0004 1A60     		str	r2, [r3]
 353 0006 7047     		bx	lr
 354              	.L37:
 355              		.align	2
 356              	.L36:
 357 0008 80E200E0 		.word	-536812928
 358              		.cfi_endproc
 359              	.LFE74:
 360              		.size	isr_rx_ClearPending, .-isr_rx_ClearPending
 361              		.text
 362              	.Letext0:
 363              		.file 2 "c:\\program files (x86)\\cypress\\psoc creator\\3.3\\psoc creator\\import\\gnu\\arm\\4.9.
 364              		.file 3 "c:\\program files (x86)\\cypress\\psoc creator\\3.3\\psoc creator\\import\\gnu\\arm\\4.9.
 365              		.file 4 "Generated_Source\\PSoC5/cytypes.h"
 366              		.file 5 "Generated_Source\\PSoC5/core_cm3.h"
 367              		.section	.debug_info,"",%progbits
 368              	.Ldebug_info0:
 369 0000 CD020000 		.4byte	0x2cd
 370 0004 0400     		.2byte	0x4
 371 0006 00000000 		.4byte	.Ldebug_abbrev0
 372 000a 04       		.byte	0x4
 373 000b 01       		.uleb128 0x1
 374 000c F3000000 		.4byte	.LASF34
 375 0010 01       		.byte	0x1
 376 0011 D9010000 		.4byte	.LASF35
 377 0015 31000000 		.4byte	.LASF36
 378 0019 00000000 		.4byte	.Ldebug_ranges0+0
 379 001d 00000000 		.4byte	0
 380 0021 00000000 		.4byte	.Ldebug_line0
 381 0025 02       		.uleb128 0x2
 382 0026 04       		.byte	0x4
 383 0027 05       		.byte	0x5
 384 0028 696E7400 		.ascii	"int\000"
 385 002c 03       		.uleb128 0x3
 386 002d 04       		.byte	0x4
 387 002e 07       		.byte	0x7
 388 002f 90010000 		.4byte	.LASF0
 389 0033 03       		.uleb128 0x3
 390 0034 01       		.byte	0x1
 391 0035 06       		.byte	0x6
 392 0036 74020000 		.4byte	.LASF1
ARM GAS  C:\Users\lenovo\AppData\Local\Temp\ccSKfcxi.s 			page 15


 393 003a 03       		.uleb128 0x3
 394 003b 01       		.byte	0x1
 395 003c 08       		.byte	0x8
 396 003d 81000000 		.4byte	.LASF2
 397 0041 03       		.uleb128 0x3
 398 0042 02       		.byte	0x2
 399 0043 05       		.byte	0x5
 400 0044 4A020000 		.4byte	.LASF3
 401 0048 03       		.uleb128 0x3
 402 0049 02       		.byte	0x2
 403 004a 07       		.byte	0x7
 404 004b A6000000 		.4byte	.LASF4
 405 004f 04       		.uleb128 0x4
 406 0050 14000000 		.4byte	.LASF11
 407 0054 02       		.byte	0x2
 408 0055 3F       		.byte	0x3f
 409 0056 5A000000 		.4byte	0x5a
 410 005a 03       		.uleb128 0x3
 411 005b 04       		.byte	0x4
 412 005c 05       		.byte	0x5
 413 005d 6B020000 		.4byte	.LASF5
 414 0061 03       		.uleb128 0x3
 415 0062 04       		.byte	0x4
 416 0063 07       		.byte	0x7
 417 0064 94000000 		.4byte	.LASF6
 418 0068 03       		.uleb128 0x3
 419 0069 08       		.byte	0x8
 420 006a 05       		.byte	0x5
 421 006b 00000000 		.4byte	.LASF7
 422 006f 03       		.uleb128 0x3
 423 0070 08       		.byte	0x8
 424 0071 07       		.byte	0x7
 425 0072 A5010000 		.4byte	.LASF8
 426 0076 03       		.uleb128 0x3
 427 0077 04       		.byte	0x4
 428 0078 07       		.byte	0x7
 429 0079 1E020000 		.4byte	.LASF9
 430 007d 05       		.uleb128 0x5
 431 007e 04       		.byte	0x4
 432 007f 83000000 		.4byte	0x83
 433 0083 06       		.uleb128 0x6
 434 0084 03       		.uleb128 0x3
 435 0085 01       		.byte	0x1
 436 0086 08       		.byte	0x8
 437 0087 36020000 		.4byte	.LASF10
 438 008b 04       		.uleb128 0x4
 439 008c 0D020000 		.4byte	.LASF12
 440 0090 03       		.byte	0x3
 441 0091 2C       		.byte	0x2c
 442 0092 4F000000 		.4byte	0x4f
 443 0096 07       		.uleb128 0x7
 444 0097 65020000 		.4byte	.LASF13
 445 009b 04       		.byte	0x4
 446 009c 9201     		.2byte	0x192
 447 009e 3A000000 		.4byte	0x3a
 448 00a2 07       		.uleb128 0x7
 449 00a3 EC000000 		.4byte	.LASF14
ARM GAS  C:\Users\lenovo\AppData\Local\Temp\ccSKfcxi.s 			page 16


 450 00a7 04       		.byte	0x4
 451 00a8 9401     		.2byte	0x194
 452 00aa 61000000 		.4byte	0x61
 453 00ae 03       		.uleb128 0x3
 454 00af 04       		.byte	0x4
 455 00b0 04       		.byte	0x4
 456 00b1 6D000000 		.4byte	.LASF15
 457 00b5 03       		.uleb128 0x3
 458 00b6 08       		.byte	0x8
 459 00b7 04       		.byte	0x4
 460 00b8 D9000000 		.4byte	.LASF16
 461 00bc 07       		.uleb128 0x7
 462 00bd 8F000000 		.4byte	.LASF17
 463 00c1 04       		.byte	0x4
 464 00c2 3C02     		.2byte	0x23c
 465 00c4 C8000000 		.4byte	0xc8
 466 00c8 08       		.uleb128 0x8
 467 00c9 96000000 		.4byte	0x96
 468 00cd 07       		.uleb128 0x7
 469 00ce 0E000000 		.4byte	.LASF18
 470 00d2 04       		.byte	0x4
 471 00d3 3E02     		.2byte	0x23e
 472 00d5 D9000000 		.4byte	0xd9
 473 00d9 08       		.uleb128 0x8
 474 00da A2000000 		.4byte	0xa2
 475 00de 07       		.uleb128 0x7
 476 00df CC010000 		.4byte	.LASF19
 477 00e3 04       		.byte	0x4
 478 00e4 4E02     		.2byte	0x24e
 479 00e6 7D000000 		.4byte	0x7d
 480 00ea 09       		.uleb128 0x9
 481 00eb 54020000 		.4byte	.LASF21
 482 00ef 01       		.byte	0x1
 483 00f0 BE       		.byte	0xbe
 484 00f1 00000000 		.4byte	.LFB66
 485 00f5 0C000000 		.4byte	.LFE66-.LFB66
 486 00f9 01       		.uleb128 0x1
 487 00fa 9C       		.byte	0x9c
 488 00fb 1A010000 		.4byte	0x11a
 489 00ff 0A       		.uleb128 0xa
 490 0100 9D010000 		.4byte	.LASF23
 491 0104 01       		.byte	0x1
 492 0105 BE       		.byte	0xbe
 493 0106 DE000000 		.4byte	0xde
 494 010a 01       		.uleb128 0x1
 495 010b 50       		.byte	0x50
 496 010c 0B       		.uleb128 0xb
 497 010d 3B020000 		.4byte	.LASF20
 498 0111 01       		.byte	0x1
 499 0112 C0       		.byte	0xc0
 500 0113 1A010000 		.4byte	0x11a
 501 0117 01       		.uleb128 0x1
 502 0118 53       		.byte	0x53
 503 0119 00       		.byte	0
 504 011a 05       		.uleb128 0x5
 505 011b 04       		.byte	0x4
 506 011c DE000000 		.4byte	0xde
ARM GAS  C:\Users\lenovo\AppData\Local\Temp\ccSKfcxi.s 			page 17


 507 0120 0C       		.uleb128 0xc
 508 0121 5C000000 		.4byte	.LASF25
 509 0125 01       		.byte	0x1
 510 0126 D6       		.byte	0xd6
 511 0127 DE000000 		.4byte	0xde
 512 012b 00000000 		.4byte	.LFB67
 513 012f 0C000000 		.4byte	.LFE67-.LFB67
 514 0133 01       		.uleb128 0x1
 515 0134 9C       		.byte	0x9c
 516 0135 47010000 		.4byte	0x147
 517 0139 0B       		.uleb128 0xb
 518 013a 3B020000 		.4byte	.LASF20
 519 013e 01       		.byte	0x1
 520 013f D8       		.byte	0xd8
 521 0140 1A010000 		.4byte	0x11a
 522 0144 01       		.uleb128 0x1
 523 0145 53       		.byte	0x53
 524 0146 00       		.byte	0
 525 0147 09       		.uleb128 0x9
 526 0148 B9000000 		.4byte	.LASF22
 527 014c 01       		.byte	0x1
 528 014d F8       		.byte	0xf8
 529 014e 00000000 		.4byte	.LFB68
 530 0152 10000000 		.4byte	.LFE68-.LFB68
 531 0156 01       		.uleb128 0x1
 532 0157 9C       		.byte	0x9c
 533 0158 6C010000 		.4byte	0x16c
 534 015c 0D       		.uleb128 0xd
 535 015d 15020000 		.4byte	.LASF24
 536 0161 01       		.byte	0x1
 537 0162 F8       		.byte	0xf8
 538 0163 96000000 		.4byte	0x96
 539 0167 00000000 		.4byte	.LLST0
 540 016b 00       		.byte	0
 541 016c 0E       		.uleb128 0xe
 542 016d 1E000000 		.4byte	.LASF26
 543 0171 01       		.byte	0x1
 544 0172 0E01     		.2byte	0x10e
 545 0174 96000000 		.4byte	0x96
 546 0178 00000000 		.4byte	.LFB69
 547 017c 0C000000 		.4byte	.LFE69-.LFB69
 548 0180 01       		.uleb128 0x1
 549 0181 9C       		.byte	0x9c
 550 0182 97010000 		.4byte	0x197
 551 0186 0F       		.uleb128 0xf
 552 0187 15020000 		.4byte	.LASF24
 553 018b 01       		.byte	0x1
 554 018c 1001     		.2byte	0x110
 555 018e 96000000 		.4byte	0x96
 556 0192 21000000 		.4byte	.LLST1
 557 0196 00       		.byte	0
 558 0197 10       		.uleb128 0x10
 559 0198 73000000 		.4byte	.LASF27
 560 019c 01       		.byte	0x1
 561 019d 2901     		.2byte	0x129
 562 019f 00000000 		.4byte	.LFB70
 563 01a3 0C000000 		.4byte	.LFE70-.LFB70
ARM GAS  C:\Users\lenovo\AppData\Local\Temp\ccSKfcxi.s 			page 18


 564 01a7 01       		.uleb128 0x1
 565 01a8 9C       		.byte	0x9c
 566 01a9 11       		.uleb128 0x11
 567 01aa BC010000 		.4byte	.LASF37
 568 01ae 01       		.byte	0x1
 569 01af 3E01     		.2byte	0x13e
 570 01b1 96000000 		.4byte	0x96
 571 01b5 00000000 		.4byte	.LFB71
 572 01b9 10000000 		.4byte	.LFE71-.LFB71
 573 01bd 01       		.uleb128 0x1
 574 01be 9C       		.byte	0x9c
 575 01bf 10       		.uleb128 0x10
 576 01c0 27020000 		.4byte	.LASF28
 577 01c4 01       		.byte	0x1
 578 01c5 5301     		.2byte	0x153
 579 01c7 00000000 		.4byte	.LFB72
 580 01cb 0C000000 		.4byte	.LFE72-.LFB72
 581 01cf 01       		.uleb128 0x1
 582 01d0 9C       		.byte	0x9c
 583 01d1 09       		.uleb128 0x9
 584 01d2 80020000 		.4byte	.LASF29
 585 01d6 01       		.byte	0x1
 586 01d7 3D       		.byte	0x3d
 587 01d8 00000000 		.4byte	.LFB63
 588 01dc 1C000000 		.4byte	.LFE63-.LFB63
 589 01e0 01       		.uleb128 0x1
 590 01e1 9C       		.byte	0x9c
 591 01e2 15020000 		.4byte	0x215
 592 01e6 12       		.uleb128 0x12
 593 01e7 06000000 		.4byte	.LVL7
 594 01eb BF010000 		.4byte	0x1bf
 595 01ef 12       		.uleb128 0x12
 596 01f0 0C000000 		.4byte	.LVL8
 597 01f4 EA000000 		.4byte	0xea
 598 01f8 13       		.uleb128 0x13
 599 01f9 12000000 		.4byte	.LVL9
 600 01fd 47010000 		.4byte	0x147
 601 0201 0B020000 		.4byte	0x20b
 602 0205 14       		.uleb128 0x14
 603 0206 01       		.uleb128 0x1
 604 0207 50       		.byte	0x50
 605 0208 01       		.uleb128 0x1
 606 0209 37       		.byte	0x37
 607 020a 00       		.byte	0
 608 020b 12       		.uleb128 0x12
 609 020c 16000000 		.4byte	.LVL10
 610 0210 97010000 		.4byte	0x197
 611 0214 00       		.byte	0
 612 0215 09       		.uleb128 0x9
 613 0216 81010000 		.4byte	.LASF30
 614 021a 01       		.byte	0x1
 615 021b 68       		.byte	0x68
 616 021c 00000000 		.4byte	.LFB64
 617 0220 1A000000 		.4byte	.LFE64-.LFB64
 618 0224 01       		.uleb128 0x1
 619 0225 9C       		.byte	0x9c
 620 0226 73020000 		.4byte	0x273
ARM GAS  C:\Users\lenovo\AppData\Local\Temp\ccSKfcxi.s 			page 19


 621 022a 0D       		.uleb128 0xd
 622 022b 9D010000 		.4byte	.LASF23
 623 022f 01       		.byte	0x1
 624 0230 68       		.byte	0x68
 625 0231 DE000000 		.4byte	0xde
 626 0235 38000000 		.4byte	.LLST2
 627 0239 12       		.uleb128 0x12
 628 023a 08000000 		.4byte	.LVL12
 629 023e BF010000 		.4byte	0x1bf
 630 0242 13       		.uleb128 0x13
 631 0243 0E000000 		.4byte	.LVL13
 632 0247 EA000000 		.4byte	0xea
 633 024b 56020000 		.4byte	0x256
 634 024f 14       		.uleb128 0x14
 635 0250 01       		.uleb128 0x1
 636 0251 50       		.byte	0x50
 637 0252 02       		.uleb128 0x2
 638 0253 74       		.byte	0x74
 639 0254 00       		.sleb128 0
 640 0255 00       		.byte	0
 641 0256 13       		.uleb128 0x13
 642 0257 14000000 		.4byte	.LVL14
 643 025b 47010000 		.4byte	0x147
 644 025f 69020000 		.4byte	0x269
 645 0263 14       		.uleb128 0x14
 646 0264 01       		.uleb128 0x1
 647 0265 50       		.byte	0x50
 648 0266 01       		.uleb128 0x1
 649 0267 37       		.byte	0x37
 650 0268 00       		.byte	0
 651 0269 12       		.uleb128 0x12
 652 026a 18000000 		.4byte	.LVL15
 653 026e 97010000 		.4byte	0x197
 654 0272 00       		.byte	0
 655 0273 09       		.uleb128 0x9
 656 0274 E0000000 		.4byte	.LASF31
 657 0278 01       		.byte	0x1
 658 0279 86       		.byte	0x86
 659 027a 00000000 		.4byte	.LFB65
 660 027e 14000000 		.4byte	.LFE65-.LFB65
 661 0282 01       		.uleb128 0x1
 662 0283 9C       		.byte	0x9c
 663 0284 9B020000 		.4byte	0x29b
 664 0288 12       		.uleb128 0x12
 665 0289 06000000 		.4byte	.LVL16
 666 028d BF010000 		.4byte	0x1bf
 667 0291 12       		.uleb128 0x12
 668 0292 0C000000 		.4byte	.LVL17
 669 0296 EA000000 		.4byte	0xea
 670 029a 00       		.byte	0
 671 029b 10       		.uleb128 0x10
 672 029c FB010000 		.4byte	.LASF32
 673 02a0 01       		.byte	0x1
 674 02a1 6E01     		.2byte	0x16e
 675 02a3 00000000 		.4byte	.LFB73
 676 02a7 0C000000 		.4byte	.LFE73-.LFB73
 677 02ab 01       		.uleb128 0x1
ARM GAS  C:\Users\lenovo\AppData\Local\Temp\ccSKfcxi.s 			page 20


 678 02ac 9C       		.byte	0x9c
 679 02ad 10       		.uleb128 0x10
 680 02ae 8D020000 		.4byte	.LASF33
 681 02b2 01       		.byte	0x1
 682 02b3 8701     		.2byte	0x187
 683 02b5 00000000 		.4byte	.LFB74
 684 02b9 0C000000 		.4byte	.LFE74-.LFB74
 685 02bd 01       		.uleb128 0x1
 686 02be 9C       		.byte	0x9c
 687 02bf 15       		.uleb128 0x15
 688 02c0 CC000000 		.4byte	.LASF38
 689 02c4 05       		.byte	0x5
 690 02c5 9606     		.2byte	0x696
 691 02c7 CB020000 		.4byte	0x2cb
 692 02cb 08       		.uleb128 0x8
 693 02cc 8B000000 		.4byte	0x8b
 694 02d0 00       		.byte	0
 695              		.section	.debug_abbrev,"",%progbits
 696              	.Ldebug_abbrev0:
 697 0000 01       		.uleb128 0x1
 698 0001 11       		.uleb128 0x11
 699 0002 01       		.byte	0x1
 700 0003 25       		.uleb128 0x25
 701 0004 0E       		.uleb128 0xe
 702 0005 13       		.uleb128 0x13
 703 0006 0B       		.uleb128 0xb
 704 0007 03       		.uleb128 0x3
 705 0008 0E       		.uleb128 0xe
 706 0009 1B       		.uleb128 0x1b
 707 000a 0E       		.uleb128 0xe
 708 000b 55       		.uleb128 0x55
 709 000c 17       		.uleb128 0x17
 710 000d 11       		.uleb128 0x11
 711 000e 01       		.uleb128 0x1
 712 000f 10       		.uleb128 0x10
 713 0010 17       		.uleb128 0x17
 714 0011 00       		.byte	0
 715 0012 00       		.byte	0
 716 0013 02       		.uleb128 0x2
 717 0014 24       		.uleb128 0x24
 718 0015 00       		.byte	0
 719 0016 0B       		.uleb128 0xb
 720 0017 0B       		.uleb128 0xb
 721 0018 3E       		.uleb128 0x3e
 722 0019 0B       		.uleb128 0xb
 723 001a 03       		.uleb128 0x3
 724 001b 08       		.uleb128 0x8
 725 001c 00       		.byte	0
 726 001d 00       		.byte	0
 727 001e 03       		.uleb128 0x3
 728 001f 24       		.uleb128 0x24
 729 0020 00       		.byte	0
 730 0021 0B       		.uleb128 0xb
 731 0022 0B       		.uleb128 0xb
 732 0023 3E       		.uleb128 0x3e
 733 0024 0B       		.uleb128 0xb
 734 0025 03       		.uleb128 0x3
ARM GAS  C:\Users\lenovo\AppData\Local\Temp\ccSKfcxi.s 			page 21


 735 0026 0E       		.uleb128 0xe
 736 0027 00       		.byte	0
 737 0028 00       		.byte	0
 738 0029 04       		.uleb128 0x4
 739 002a 16       		.uleb128 0x16
 740 002b 00       		.byte	0
 741 002c 03       		.uleb128 0x3
 742 002d 0E       		.uleb128 0xe
 743 002e 3A       		.uleb128 0x3a
 744 002f 0B       		.uleb128 0xb
 745 0030 3B       		.uleb128 0x3b
 746 0031 0B       		.uleb128 0xb
 747 0032 49       		.uleb128 0x49
 748 0033 13       		.uleb128 0x13
 749 0034 00       		.byte	0
 750 0035 00       		.byte	0
 751 0036 05       		.uleb128 0x5
 752 0037 0F       		.uleb128 0xf
 753 0038 00       		.byte	0
 754 0039 0B       		.uleb128 0xb
 755 003a 0B       		.uleb128 0xb
 756 003b 49       		.uleb128 0x49
 757 003c 13       		.uleb128 0x13
 758 003d 00       		.byte	0
 759 003e 00       		.byte	0
 760 003f 06       		.uleb128 0x6
 761 0040 15       		.uleb128 0x15
 762 0041 00       		.byte	0
 763 0042 27       		.uleb128 0x27
 764 0043 19       		.uleb128 0x19
 765 0044 00       		.byte	0
 766 0045 00       		.byte	0
 767 0046 07       		.uleb128 0x7
 768 0047 16       		.uleb128 0x16
 769 0048 00       		.byte	0
 770 0049 03       		.uleb128 0x3
 771 004a 0E       		.uleb128 0xe
 772 004b 3A       		.uleb128 0x3a
 773 004c 0B       		.uleb128 0xb
 774 004d 3B       		.uleb128 0x3b
 775 004e 05       		.uleb128 0x5
 776 004f 49       		.uleb128 0x49
 777 0050 13       		.uleb128 0x13
 778 0051 00       		.byte	0
 779 0052 00       		.byte	0
 780 0053 08       		.uleb128 0x8
 781 0054 35       		.uleb128 0x35
 782 0055 00       		.byte	0
 783 0056 49       		.uleb128 0x49
 784 0057 13       		.uleb128 0x13
 785 0058 00       		.byte	0
 786 0059 00       		.byte	0
 787 005a 09       		.uleb128 0x9
 788 005b 2E       		.uleb128 0x2e
 789 005c 01       		.byte	0x1
 790 005d 3F       		.uleb128 0x3f
 791 005e 19       		.uleb128 0x19
ARM GAS  C:\Users\lenovo\AppData\Local\Temp\ccSKfcxi.s 			page 22


 792 005f 03       		.uleb128 0x3
 793 0060 0E       		.uleb128 0xe
 794 0061 3A       		.uleb128 0x3a
 795 0062 0B       		.uleb128 0xb
 796 0063 3B       		.uleb128 0x3b
 797 0064 0B       		.uleb128 0xb
 798 0065 27       		.uleb128 0x27
 799 0066 19       		.uleb128 0x19
 800 0067 11       		.uleb128 0x11
 801 0068 01       		.uleb128 0x1
 802 0069 12       		.uleb128 0x12
 803 006a 06       		.uleb128 0x6
 804 006b 40       		.uleb128 0x40
 805 006c 18       		.uleb128 0x18
 806 006d 9742     		.uleb128 0x2117
 807 006f 19       		.uleb128 0x19
 808 0070 01       		.uleb128 0x1
 809 0071 13       		.uleb128 0x13
 810 0072 00       		.byte	0
 811 0073 00       		.byte	0
 812 0074 0A       		.uleb128 0xa
 813 0075 05       		.uleb128 0x5
 814 0076 00       		.byte	0
 815 0077 03       		.uleb128 0x3
 816 0078 0E       		.uleb128 0xe
 817 0079 3A       		.uleb128 0x3a
 818 007a 0B       		.uleb128 0xb
 819 007b 3B       		.uleb128 0x3b
 820 007c 0B       		.uleb128 0xb
 821 007d 49       		.uleb128 0x49
 822 007e 13       		.uleb128 0x13
 823 007f 02       		.uleb128 0x2
 824 0080 18       		.uleb128 0x18
 825 0081 00       		.byte	0
 826 0082 00       		.byte	0
 827 0083 0B       		.uleb128 0xb
 828 0084 34       		.uleb128 0x34
 829 0085 00       		.byte	0
 830 0086 03       		.uleb128 0x3
 831 0087 0E       		.uleb128 0xe
 832 0088 3A       		.uleb128 0x3a
 833 0089 0B       		.uleb128 0xb
 834 008a 3B       		.uleb128 0x3b
 835 008b 0B       		.uleb128 0xb
 836 008c 49       		.uleb128 0x49
 837 008d 13       		.uleb128 0x13
 838 008e 02       		.uleb128 0x2
 839 008f 18       		.uleb128 0x18
 840 0090 00       		.byte	0
 841 0091 00       		.byte	0
 842 0092 0C       		.uleb128 0xc
 843 0093 2E       		.uleb128 0x2e
 844 0094 01       		.byte	0x1
 845 0095 3F       		.uleb128 0x3f
 846 0096 19       		.uleb128 0x19
 847 0097 03       		.uleb128 0x3
 848 0098 0E       		.uleb128 0xe
ARM GAS  C:\Users\lenovo\AppData\Local\Temp\ccSKfcxi.s 			page 23


 849 0099 3A       		.uleb128 0x3a
 850 009a 0B       		.uleb128 0xb
 851 009b 3B       		.uleb128 0x3b
 852 009c 0B       		.uleb128 0xb
 853 009d 27       		.uleb128 0x27
 854 009e 19       		.uleb128 0x19
 855 009f 49       		.uleb128 0x49
 856 00a0 13       		.uleb128 0x13
 857 00a1 11       		.uleb128 0x11
 858 00a2 01       		.uleb128 0x1
 859 00a3 12       		.uleb128 0x12
 860 00a4 06       		.uleb128 0x6
 861 00a5 40       		.uleb128 0x40
 862 00a6 18       		.uleb128 0x18
 863 00a7 9742     		.uleb128 0x2117
 864 00a9 19       		.uleb128 0x19
 865 00aa 01       		.uleb128 0x1
 866 00ab 13       		.uleb128 0x13
 867 00ac 00       		.byte	0
 868 00ad 00       		.byte	0
 869 00ae 0D       		.uleb128 0xd
 870 00af 05       		.uleb128 0x5
 871 00b0 00       		.byte	0
 872 00b1 03       		.uleb128 0x3
 873 00b2 0E       		.uleb128 0xe
 874 00b3 3A       		.uleb128 0x3a
 875 00b4 0B       		.uleb128 0xb
 876 00b5 3B       		.uleb128 0x3b
 877 00b6 0B       		.uleb128 0xb
 878 00b7 49       		.uleb128 0x49
 879 00b8 13       		.uleb128 0x13
 880 00b9 02       		.uleb128 0x2
 881 00ba 17       		.uleb128 0x17
 882 00bb 00       		.byte	0
 883 00bc 00       		.byte	0
 884 00bd 0E       		.uleb128 0xe
 885 00be 2E       		.uleb128 0x2e
 886 00bf 01       		.byte	0x1
 887 00c0 3F       		.uleb128 0x3f
 888 00c1 19       		.uleb128 0x19
 889 00c2 03       		.uleb128 0x3
 890 00c3 0E       		.uleb128 0xe
 891 00c4 3A       		.uleb128 0x3a
 892 00c5 0B       		.uleb128 0xb
 893 00c6 3B       		.uleb128 0x3b
 894 00c7 05       		.uleb128 0x5
 895 00c8 27       		.uleb128 0x27
 896 00c9 19       		.uleb128 0x19
 897 00ca 49       		.uleb128 0x49
 898 00cb 13       		.uleb128 0x13
 899 00cc 11       		.uleb128 0x11
 900 00cd 01       		.uleb128 0x1
 901 00ce 12       		.uleb128 0x12
 902 00cf 06       		.uleb128 0x6
 903 00d0 40       		.uleb128 0x40
 904 00d1 18       		.uleb128 0x18
 905 00d2 9742     		.uleb128 0x2117
ARM GAS  C:\Users\lenovo\AppData\Local\Temp\ccSKfcxi.s 			page 24


 906 00d4 19       		.uleb128 0x19
 907 00d5 01       		.uleb128 0x1
 908 00d6 13       		.uleb128 0x13
 909 00d7 00       		.byte	0
 910 00d8 00       		.byte	0
 911 00d9 0F       		.uleb128 0xf
 912 00da 34       		.uleb128 0x34
 913 00db 00       		.byte	0
 914 00dc 03       		.uleb128 0x3
 915 00dd 0E       		.uleb128 0xe
 916 00de 3A       		.uleb128 0x3a
 917 00df 0B       		.uleb128 0xb
 918 00e0 3B       		.uleb128 0x3b
 919 00e1 05       		.uleb128 0x5
 920 00e2 49       		.uleb128 0x49
 921 00e3 13       		.uleb128 0x13
 922 00e4 02       		.uleb128 0x2
 923 00e5 17       		.uleb128 0x17
 924 00e6 00       		.byte	0
 925 00e7 00       		.byte	0
 926 00e8 10       		.uleb128 0x10
 927 00e9 2E       		.uleb128 0x2e
 928 00ea 00       		.byte	0
 929 00eb 3F       		.uleb128 0x3f
 930 00ec 19       		.uleb128 0x19
 931 00ed 03       		.uleb128 0x3
 932 00ee 0E       		.uleb128 0xe
 933 00ef 3A       		.uleb128 0x3a
 934 00f0 0B       		.uleb128 0xb
 935 00f1 3B       		.uleb128 0x3b
 936 00f2 05       		.uleb128 0x5
 937 00f3 27       		.uleb128 0x27
 938 00f4 19       		.uleb128 0x19
 939 00f5 11       		.uleb128 0x11
 940 00f6 01       		.uleb128 0x1
 941 00f7 12       		.uleb128 0x12
 942 00f8 06       		.uleb128 0x6
 943 00f9 40       		.uleb128 0x40
 944 00fa 18       		.uleb128 0x18
 945 00fb 9742     		.uleb128 0x2117
 946 00fd 19       		.uleb128 0x19
 947 00fe 00       		.byte	0
 948 00ff 00       		.byte	0
 949 0100 11       		.uleb128 0x11
 950 0101 2E       		.uleb128 0x2e
 951 0102 00       		.byte	0
 952 0103 3F       		.uleb128 0x3f
 953 0104 19       		.uleb128 0x19
 954 0105 03       		.uleb128 0x3
 955 0106 0E       		.uleb128 0xe
 956 0107 3A       		.uleb128 0x3a
 957 0108 0B       		.uleb128 0xb
 958 0109 3B       		.uleb128 0x3b
 959 010a 05       		.uleb128 0x5
 960 010b 27       		.uleb128 0x27
 961 010c 19       		.uleb128 0x19
 962 010d 49       		.uleb128 0x49
ARM GAS  C:\Users\lenovo\AppData\Local\Temp\ccSKfcxi.s 			page 25


 963 010e 13       		.uleb128 0x13
 964 010f 11       		.uleb128 0x11
 965 0110 01       		.uleb128 0x1
 966 0111 12       		.uleb128 0x12
 967 0112 06       		.uleb128 0x6
 968 0113 40       		.uleb128 0x40
 969 0114 18       		.uleb128 0x18
 970 0115 9742     		.uleb128 0x2117
 971 0117 19       		.uleb128 0x19
 972 0118 00       		.byte	0
 973 0119 00       		.byte	0
 974 011a 12       		.uleb128 0x12
 975 011b 898201   		.uleb128 0x4109
 976 011e 00       		.byte	0
 977 011f 11       		.uleb128 0x11
 978 0120 01       		.uleb128 0x1
 979 0121 31       		.uleb128 0x31
 980 0122 13       		.uleb128 0x13
 981 0123 00       		.byte	0
 982 0124 00       		.byte	0
 983 0125 13       		.uleb128 0x13
 984 0126 898201   		.uleb128 0x4109
 985 0129 01       		.byte	0x1
 986 012a 11       		.uleb128 0x11
 987 012b 01       		.uleb128 0x1
 988 012c 31       		.uleb128 0x31
 989 012d 13       		.uleb128 0x13
 990 012e 01       		.uleb128 0x1
 991 012f 13       		.uleb128 0x13
 992 0130 00       		.byte	0
 993 0131 00       		.byte	0
 994 0132 14       		.uleb128 0x14
 995 0133 8A8201   		.uleb128 0x410a
 996 0136 00       		.byte	0
 997 0137 02       		.uleb128 0x2
 998 0138 18       		.uleb128 0x18
 999 0139 9142     		.uleb128 0x2111
 1000 013b 18       		.uleb128 0x18
 1001 013c 00       		.byte	0
 1002 013d 00       		.byte	0
 1003 013e 15       		.uleb128 0x15
 1004 013f 34       		.uleb128 0x34
 1005 0140 00       		.byte	0
 1006 0141 03       		.uleb128 0x3
 1007 0142 0E       		.uleb128 0xe
 1008 0143 3A       		.uleb128 0x3a
 1009 0144 0B       		.uleb128 0xb
 1010 0145 3B       		.uleb128 0x3b
 1011 0146 05       		.uleb128 0x5
 1012 0147 49       		.uleb128 0x49
 1013 0148 13       		.uleb128 0x13
 1014 0149 3F       		.uleb128 0x3f
 1015 014a 19       		.uleb128 0x19
 1016 014b 3C       		.uleb128 0x3c
 1017 014c 19       		.uleb128 0x19
 1018 014d 00       		.byte	0
 1019 014e 00       		.byte	0
ARM GAS  C:\Users\lenovo\AppData\Local\Temp\ccSKfcxi.s 			page 26


 1020 014f 00       		.byte	0
 1021              		.section	.debug_loc,"",%progbits
 1022              	.Ldebug_loc0:
 1023              	.LLST0:
 1024 0000 00000000 		.4byte	.LVL3
 1025 0004 02000000 		.4byte	.LVL4
 1026 0008 0100     		.2byte	0x1
 1027 000a 50       		.byte	0x50
 1028 000b 02000000 		.4byte	.LVL4
 1029 000f 10000000 		.4byte	.LFE68
 1030 0013 0400     		.2byte	0x4
 1031 0015 F3       		.byte	0xf3
 1032 0016 01       		.uleb128 0x1
 1033 0017 50       		.byte	0x50
 1034 0018 9F       		.byte	0x9f
 1035 0019 00000000 		.4byte	0
 1036 001d 00000000 		.4byte	0
 1037              	.LLST1:
 1038 0021 04000000 		.4byte	.LVL5
 1039 0025 06000000 		.4byte	.LVL6
 1040 0029 0500     		.2byte	0x5
 1041 002b 70       		.byte	0x70
 1042 002c 00       		.sleb128 0
 1043 002d 35       		.byte	0x35
 1044 002e 25       		.byte	0x25
 1045 002f 9F       		.byte	0x9f
 1046 0030 00000000 		.4byte	0
 1047 0034 00000000 		.4byte	0
 1048              	.LLST2:
 1049 0038 00000000 		.4byte	.LVL11
 1050 003c 07000000 		.4byte	.LVL12-1
 1051 0040 0100     		.2byte	0x1
 1052 0042 50       		.byte	0x50
 1053 0043 07000000 		.4byte	.LVL12-1
 1054 0047 1A000000 		.4byte	.LFE64
 1055 004b 0100     		.2byte	0x1
 1056 004d 54       		.byte	0x54
 1057 004e 00000000 		.4byte	0
 1058 0052 00000000 		.4byte	0
 1059              		.section	.debug_aranges,"",%progbits
 1060 0000 74000000 		.4byte	0x74
 1061 0004 0200     		.2byte	0x2
 1062 0006 00000000 		.4byte	.Ldebug_info0
 1063 000a 04       		.byte	0x4
 1064 000b 00       		.byte	0
 1065 000c 0000     		.2byte	0
 1066 000e 0000     		.2byte	0
 1067 0010 00000000 		.4byte	.LFB66
 1068 0014 0C000000 		.4byte	.LFE66-.LFB66
 1069 0018 00000000 		.4byte	.LFB67
 1070 001c 0C000000 		.4byte	.LFE67-.LFB67
 1071 0020 00000000 		.4byte	.LFB68
 1072 0024 10000000 		.4byte	.LFE68-.LFB68
 1073 0028 00000000 		.4byte	.LFB69
 1074 002c 0C000000 		.4byte	.LFE69-.LFB69
 1075 0030 00000000 		.4byte	.LFB70
 1076 0034 0C000000 		.4byte	.LFE70-.LFB70
ARM GAS  C:\Users\lenovo\AppData\Local\Temp\ccSKfcxi.s 			page 27


 1077 0038 00000000 		.4byte	.LFB71
 1078 003c 10000000 		.4byte	.LFE71-.LFB71
 1079 0040 00000000 		.4byte	.LFB72
 1080 0044 0C000000 		.4byte	.LFE72-.LFB72
 1081 0048 00000000 		.4byte	.LFB63
 1082 004c 1C000000 		.4byte	.LFE63-.LFB63
 1083 0050 00000000 		.4byte	.LFB64
 1084 0054 1A000000 		.4byte	.LFE64-.LFB64
 1085 0058 00000000 		.4byte	.LFB65
 1086 005c 14000000 		.4byte	.LFE65-.LFB65
 1087 0060 00000000 		.4byte	.LFB73
 1088 0064 0C000000 		.4byte	.LFE73-.LFB73
 1089 0068 00000000 		.4byte	.LFB74
 1090 006c 0C000000 		.4byte	.LFE74-.LFB74
 1091 0070 00000000 		.4byte	0
 1092 0074 00000000 		.4byte	0
 1093              		.section	.debug_ranges,"",%progbits
 1094              	.Ldebug_ranges0:
 1095 0000 00000000 		.4byte	.LFB66
 1096 0004 0C000000 		.4byte	.LFE66
 1097 0008 00000000 		.4byte	.LFB67
 1098 000c 0C000000 		.4byte	.LFE67
 1099 0010 00000000 		.4byte	.LFB68
 1100 0014 10000000 		.4byte	.LFE68
 1101 0018 00000000 		.4byte	.LFB69
 1102 001c 0C000000 		.4byte	.LFE69
 1103 0020 00000000 		.4byte	.LFB70
 1104 0024 0C000000 		.4byte	.LFE70
 1105 0028 00000000 		.4byte	.LFB71
 1106 002c 10000000 		.4byte	.LFE71
 1107 0030 00000000 		.4byte	.LFB72
 1108 0034 0C000000 		.4byte	.LFE72
 1109 0038 00000000 		.4byte	.LFB63
 1110 003c 1C000000 		.4byte	.LFE63
 1111 0040 00000000 		.4byte	.LFB64
 1112 0044 1A000000 		.4byte	.LFE64
 1113 0048 00000000 		.4byte	.LFB65
 1114 004c 14000000 		.4byte	.LFE65
 1115 0050 00000000 		.4byte	.LFB73
 1116 0054 0C000000 		.4byte	.LFE73
 1117 0058 00000000 		.4byte	.LFB74
 1118 005c 0C000000 		.4byte	.LFE74
 1119 0060 00000000 		.4byte	0
 1120 0064 00000000 		.4byte	0
 1121              		.section	.debug_line,"",%progbits
 1122              	.Ldebug_line0:
 1123 0000 3E020000 		.section	.debug_str,"MS",%progbits,1
 1123      02006201 
 1123      00000201 
 1123      FB0E0D00 
 1123      01010101 
 1124              	.LASF7:
 1125 0000 6C6F6E67 		.ascii	"long long int\000"
 1125      206C6F6E 
 1125      6720696E 
 1125      7400
 1126              	.LASF18:
ARM GAS  C:\Users\lenovo\AppData\Local\Temp\ccSKfcxi.s 			page 28


 1127 000e 72656733 		.ascii	"reg32\000"
 1127      3200
 1128              	.LASF11:
 1129 0014 5F5F696E 		.ascii	"__int32_t\000"
 1129      7433325F 
 1129      7400
 1130              	.LASF26:
 1131 001e 6973725F 		.ascii	"isr_rx_GetPriority\000"
 1131      72785F47 
 1131      65745072 
 1131      696F7269 
 1131      747900
 1132              	.LASF36:
 1133 0031 433A5C55 		.ascii	"C:\\Users\\lenovo\\Desktop\\fun\\Creative.cydsn\000"
 1133      73657273 
 1133      5C6C656E 
 1133      6F766F5C 
 1133      4465736B 
 1134              	.LASF25:
 1135 005c 6973725F 		.ascii	"isr_rx_GetVector\000"
 1135      72785F47 
 1135      65745665 
 1135      63746F72 
 1135      00
 1136              	.LASF15:
 1137 006d 666C6F61 		.ascii	"float\000"
 1137      7400
 1138              	.LASF27:
 1139 0073 6973725F 		.ascii	"isr_rx_Enable\000"
 1139      72785F45 
 1139      6E61626C 
 1139      6500
 1140              	.LASF2:
 1141 0081 756E7369 		.ascii	"unsigned char\000"
 1141      676E6564 
 1141      20636861 
 1141      7200
 1142              	.LASF17:
 1143 008f 72656738 		.ascii	"reg8\000"
 1143      00
 1144              	.LASF6:
 1145 0094 6C6F6E67 		.ascii	"long unsigned int\000"
 1145      20756E73 
 1145      69676E65 
 1145      6420696E 
 1145      7400
 1146              	.LASF4:
 1147 00a6 73686F72 		.ascii	"short unsigned int\000"
 1147      7420756E 
 1147      7369676E 
 1147      65642069 
 1147      6E7400
 1148              	.LASF22:
 1149 00b9 6973725F 		.ascii	"isr_rx_SetPriority\000"
 1149      72785F53 
 1149      65745072 
 1149      696F7269 
ARM GAS  C:\Users\lenovo\AppData\Local\Temp\ccSKfcxi.s 			page 29


 1149      747900
 1150              	.LASF38:
 1151 00cc 49544D5F 		.ascii	"ITM_RxBuffer\000"
 1151      52784275 
 1151      66666572 
 1151      00
 1152              	.LASF16:
 1153 00d9 646F7562 		.ascii	"double\000"
 1153      6C6500
 1154              	.LASF31:
 1155 00e0 6973725F 		.ascii	"isr_rx_Stop\000"
 1155      72785F53 
 1155      746F7000 
 1156              	.LASF14:
 1157 00ec 75696E74 		.ascii	"uint32\000"
 1157      333200
 1158              	.LASF34:
 1159 00f3 474E5520 		.ascii	"GNU C 4.9.3 20150303 (release) [ARM/embedded-4_9-br"
 1159      4320342E 
 1159      392E3320 
 1159      32303135 
 1159      30333033 
 1160 0126 616E6368 		.ascii	"anch revision 221220] -mcpu=cortex-m3 -mthumb -g -O"
 1160      20726576 
 1160      6973696F 
 1160      6E203232 
 1160      31323230 
 1161 0159 67202D66 		.ascii	"g -ffunction-sections -ffat-lto-objects\000"
 1161      66756E63 
 1161      74696F6E 
 1161      2D736563 
 1161      74696F6E 
 1162              	.LASF30:
 1163 0181 6973725F 		.ascii	"isr_rx_StartEx\000"
 1163      72785F53 
 1163      74617274 
 1163      457800
 1164              	.LASF0:
 1165 0190 756E7369 		.ascii	"unsigned int\000"
 1165      676E6564 
 1165      20696E74 
 1165      00
 1166              	.LASF23:
 1167 019d 61646472 		.ascii	"address\000"
 1167      65737300 
 1168              	.LASF8:
 1169 01a5 6C6F6E67 		.ascii	"long long unsigned int\000"
 1169      206C6F6E 
 1169      6720756E 
 1169      7369676E 
 1169      65642069 
 1170              	.LASF37:
 1171 01bc 6973725F 		.ascii	"isr_rx_GetState\000"
 1171      72785F47 
 1171      65745374 
 1171      61746500 
 1172              	.LASF19:
ARM GAS  C:\Users\lenovo\AppData\Local\Temp\ccSKfcxi.s 			page 30


 1173 01cc 63796973 		.ascii	"cyisraddress\000"
 1173      72616464 
 1173      72657373 
 1173      00
 1174              	.LASF35:
 1175 01d9 2E5C4765 		.ascii	".\\Generated_Source\\PSoC5\\isr_rx.c\000"
 1175      6E657261 
 1175      7465645F 
 1175      536F7572 
 1175      63655C50 
 1176              	.LASF32:
 1177 01fb 6973725F 		.ascii	"isr_rx_SetPending\000"
 1177      72785F53 
 1177      65745065 
 1177      6E64696E 
 1177      6700
 1178              	.LASF12:
 1179 020d 696E7433 		.ascii	"int32_t\000"
 1179      325F7400 
 1180              	.LASF24:
 1181 0215 7072696F 		.ascii	"priority\000"
 1181      72697479 
 1181      00
 1182              	.LASF9:
 1183 021e 73697A65 		.ascii	"sizetype\000"
 1183      74797065 
 1183      00
 1184              	.LASF28:
 1185 0227 6973725F 		.ascii	"isr_rx_Disable\000"
 1185      72785F44 
 1185      69736162 
 1185      6C6500
 1186              	.LASF10:
 1187 0236 63686172 		.ascii	"char\000"
 1187      00
 1188              	.LASF20:
 1189 023b 72616D56 		.ascii	"ramVectorTable\000"
 1189      6563746F 
 1189      72546162 
 1189      6C6500
 1190              	.LASF3:
 1191 024a 73686F72 		.ascii	"short int\000"
 1191      7420696E 
 1191      7400
 1192              	.LASF21:
 1193 0254 6973725F 		.ascii	"isr_rx_SetVector\000"
 1193      72785F53 
 1193      65745665 
 1193      63746F72 
 1193      00
 1194              	.LASF13:
 1195 0265 75696E74 		.ascii	"uint8\000"
 1195      3800
 1196              	.LASF5:
 1197 026b 6C6F6E67 		.ascii	"long int\000"
 1197      20696E74 
 1197      00
ARM GAS  C:\Users\lenovo\AppData\Local\Temp\ccSKfcxi.s 			page 31


 1198              	.LASF1:
 1199 0274 7369676E 		.ascii	"signed char\000"
 1199      65642063 
 1199      68617200 
 1200              	.LASF29:
 1201 0280 6973725F 		.ascii	"isr_rx_Start\000"
 1201      72785F53 
 1201      74617274 
 1201      00
 1202              	.LASF33:
 1203 028d 6973725F 		.ascii	"isr_rx_ClearPending\000"
 1203      72785F43 
 1203      6C656172 
 1203      50656E64 
 1203      696E6700 
 1204              		.ident	"GCC: (GNU Tools for ARM Embedded Processors) 4.9.3 20150303 (release) [ARM/embedded-4_9-br
