ARM GAS  C:\Users\dell1\AppData\Local\Temp\ccAxqfau.s 			page 1


   1              		.syntax unified
   2              		.cpu cortex-m3
   3              		.fpu softvfp
   4              		.eabi_attribute 20, 1
   5              		.eabi_attribute 21, 1
   6              		.eabi_attribute 23, 3
   7              		.eabi_attribute 24, 1
   8              		.eabi_attribute 25, 1
   9              		.eabi_attribute 26, 1
  10              		.eabi_attribute 30, 1
  11              		.eabi_attribute 34, 1
  12              		.eabi_attribute 18, 4
  13              		.thumb
  14              		.file	"isr_rx_2.c"
  15              		.text
  16              	.Ltext0:
  17              		.cfi_sections	.debug_frame
  18              		.section	.text.isr_rx_2_SetVector,"ax",%progbits
  19              		.align	2
  20              		.global	isr_rx_2_SetVector
  21              		.thumb
  22              		.thumb_func
  23              		.type	isr_rx_2_SetVector, %function
  24              	isr_rx_2_SetVector:
  25              	.LFB66:
  26              		.file 1 ".\\Generated_Source\\PSoC5\\isr_rx_2.c"
   1:.\Generated_Source\PSoC5/isr_rx_2.c **** /*******************************************************************************
   2:.\Generated_Source\PSoC5/isr_rx_2.c **** * File Name: isr_rx_2.c  
   3:.\Generated_Source\PSoC5/isr_rx_2.c **** * Version 1.70
   4:.\Generated_Source\PSoC5/isr_rx_2.c **** *
   5:.\Generated_Source\PSoC5/isr_rx_2.c **** *  Description:
   6:.\Generated_Source\PSoC5/isr_rx_2.c **** *   API for controlling the state of an interrupt.
   7:.\Generated_Source\PSoC5/isr_rx_2.c **** *
   8:.\Generated_Source\PSoC5/isr_rx_2.c **** *
   9:.\Generated_Source\PSoC5/isr_rx_2.c **** *  Note:
  10:.\Generated_Source\PSoC5/isr_rx_2.c **** *
  11:.\Generated_Source\PSoC5/isr_rx_2.c **** ********************************************************************************
  12:.\Generated_Source\PSoC5/isr_rx_2.c **** * Copyright 2008-2015, Cypress Semiconductor Corporation.  All rights reserved.
  13:.\Generated_Source\PSoC5/isr_rx_2.c **** * You may use this file only in accordance with the license, terms, conditions, 
  14:.\Generated_Source\PSoC5/isr_rx_2.c **** * disclaimers, and limitations in the end user license agreement accompanying 
  15:.\Generated_Source\PSoC5/isr_rx_2.c **** * the software package with which this file was provided.
  16:.\Generated_Source\PSoC5/isr_rx_2.c **** *******************************************************************************/
  17:.\Generated_Source\PSoC5/isr_rx_2.c **** 
  18:.\Generated_Source\PSoC5/isr_rx_2.c **** 
  19:.\Generated_Source\PSoC5/isr_rx_2.c **** #include <cydevice_trm.h>
  20:.\Generated_Source\PSoC5/isr_rx_2.c **** #include <CyLib.h>
  21:.\Generated_Source\PSoC5/isr_rx_2.c **** #include <isr_rx_2.h>
  22:.\Generated_Source\PSoC5/isr_rx_2.c **** #include "cyapicallbacks.h"
  23:.\Generated_Source\PSoC5/isr_rx_2.c **** 
  24:.\Generated_Source\PSoC5/isr_rx_2.c **** #if !defined(isr_rx_2__REMOVED) /* Check for removal by optimization */
  25:.\Generated_Source\PSoC5/isr_rx_2.c **** 
  26:.\Generated_Source\PSoC5/isr_rx_2.c **** /*******************************************************************************
  27:.\Generated_Source\PSoC5/isr_rx_2.c **** *  Place your includes, defines and code here 
  28:.\Generated_Source\PSoC5/isr_rx_2.c **** ********************************************************************************/
  29:.\Generated_Source\PSoC5/isr_rx_2.c **** /* `#START isr_rx_2_intc` */
  30:.\Generated_Source\PSoC5/isr_rx_2.c **** 
  31:.\Generated_Source\PSoC5/isr_rx_2.c **** /* `#END` */
ARM GAS  C:\Users\dell1\AppData\Local\Temp\ccAxqfau.s 			page 2


  32:.\Generated_Source\PSoC5/isr_rx_2.c **** 
  33:.\Generated_Source\PSoC5/isr_rx_2.c **** #ifndef CYINT_IRQ_BASE
  34:.\Generated_Source\PSoC5/isr_rx_2.c **** #define CYINT_IRQ_BASE      16
  35:.\Generated_Source\PSoC5/isr_rx_2.c **** #endif /* CYINT_IRQ_BASE */
  36:.\Generated_Source\PSoC5/isr_rx_2.c **** #ifndef CYINT_VECT_TABLE
  37:.\Generated_Source\PSoC5/isr_rx_2.c **** #define CYINT_VECT_TABLE    ((cyisraddress **) CYREG_NVIC_VECT_OFFSET)
  38:.\Generated_Source\PSoC5/isr_rx_2.c **** #endif /* CYINT_VECT_TABLE */
  39:.\Generated_Source\PSoC5/isr_rx_2.c **** 
  40:.\Generated_Source\PSoC5/isr_rx_2.c **** /* Declared in startup, used to set unused interrupts to. */
  41:.\Generated_Source\PSoC5/isr_rx_2.c **** CY_ISR_PROTO(IntDefaultHandler);
  42:.\Generated_Source\PSoC5/isr_rx_2.c **** 
  43:.\Generated_Source\PSoC5/isr_rx_2.c **** 
  44:.\Generated_Source\PSoC5/isr_rx_2.c **** /*******************************************************************************
  45:.\Generated_Source\PSoC5/isr_rx_2.c **** * Function Name: isr_rx_2_Start
  46:.\Generated_Source\PSoC5/isr_rx_2.c **** ********************************************************************************
  47:.\Generated_Source\PSoC5/isr_rx_2.c **** *
  48:.\Generated_Source\PSoC5/isr_rx_2.c **** * Summary:
  49:.\Generated_Source\PSoC5/isr_rx_2.c **** *  Set up the interrupt and enable it. This function disables the interrupt, 
  50:.\Generated_Source\PSoC5/isr_rx_2.c **** *  sets the default interrupt vector, sets the priority from the value in the
  51:.\Generated_Source\PSoC5/isr_rx_2.c **** *  Design Wide Resources Interrupt Editor, then enables the interrupt to the 
  52:.\Generated_Source\PSoC5/isr_rx_2.c **** *  interrupt controller.
  53:.\Generated_Source\PSoC5/isr_rx_2.c **** *
  54:.\Generated_Source\PSoC5/isr_rx_2.c **** * Parameters:  
  55:.\Generated_Source\PSoC5/isr_rx_2.c **** *   None
  56:.\Generated_Source\PSoC5/isr_rx_2.c **** *
  57:.\Generated_Source\PSoC5/isr_rx_2.c **** * Return:
  58:.\Generated_Source\PSoC5/isr_rx_2.c **** *   None
  59:.\Generated_Source\PSoC5/isr_rx_2.c **** *
  60:.\Generated_Source\PSoC5/isr_rx_2.c **** *******************************************************************************/
  61:.\Generated_Source\PSoC5/isr_rx_2.c **** void isr_rx_2_Start(void)
  62:.\Generated_Source\PSoC5/isr_rx_2.c **** {
  63:.\Generated_Source\PSoC5/isr_rx_2.c ****     /* For all we know the interrupt is active. */
  64:.\Generated_Source\PSoC5/isr_rx_2.c ****     isr_rx_2_Disable();
  65:.\Generated_Source\PSoC5/isr_rx_2.c **** 
  66:.\Generated_Source\PSoC5/isr_rx_2.c ****     /* Set the ISR to point to the isr_rx_2 Interrupt. */
  67:.\Generated_Source\PSoC5/isr_rx_2.c ****     isr_rx_2_SetVector(&isr_rx_2_Interrupt);
  68:.\Generated_Source\PSoC5/isr_rx_2.c **** 
  69:.\Generated_Source\PSoC5/isr_rx_2.c ****     /* Set the priority. */
  70:.\Generated_Source\PSoC5/isr_rx_2.c ****     isr_rx_2_SetPriority((uint8)isr_rx_2_INTC_PRIOR_NUMBER);
  71:.\Generated_Source\PSoC5/isr_rx_2.c **** 
  72:.\Generated_Source\PSoC5/isr_rx_2.c ****     /* Enable it. */
  73:.\Generated_Source\PSoC5/isr_rx_2.c ****     isr_rx_2_Enable();
  74:.\Generated_Source\PSoC5/isr_rx_2.c **** }
  75:.\Generated_Source\PSoC5/isr_rx_2.c **** 
  76:.\Generated_Source\PSoC5/isr_rx_2.c **** 
  77:.\Generated_Source\PSoC5/isr_rx_2.c **** /*******************************************************************************
  78:.\Generated_Source\PSoC5/isr_rx_2.c **** * Function Name: isr_rx_2_StartEx
  79:.\Generated_Source\PSoC5/isr_rx_2.c **** ********************************************************************************
  80:.\Generated_Source\PSoC5/isr_rx_2.c **** *
  81:.\Generated_Source\PSoC5/isr_rx_2.c **** * Summary:
  82:.\Generated_Source\PSoC5/isr_rx_2.c **** *  Sets up the interrupt and enables it. This function disables the interrupt,
  83:.\Generated_Source\PSoC5/isr_rx_2.c **** *  sets the interrupt vector based on the address passed in, sets the priority 
  84:.\Generated_Source\PSoC5/isr_rx_2.c **** *  from the value in the Design Wide Resources Interrupt Editor, then enables 
  85:.\Generated_Source\PSoC5/isr_rx_2.c **** *  the interrupt to the interrupt controller.
  86:.\Generated_Source\PSoC5/isr_rx_2.c **** *  
  87:.\Generated_Source\PSoC5/isr_rx_2.c **** *  When defining ISR functions, the CY_ISR and CY_ISR_PROTO macros should be 
  88:.\Generated_Source\PSoC5/isr_rx_2.c **** *  used to provide consistent definition across compilers:
ARM GAS  C:\Users\dell1\AppData\Local\Temp\ccAxqfau.s 			page 3


  89:.\Generated_Source\PSoC5/isr_rx_2.c **** *  
  90:.\Generated_Source\PSoC5/isr_rx_2.c **** *  Function definition example:
  91:.\Generated_Source\PSoC5/isr_rx_2.c **** *   CY_ISR(MyISR)
  92:.\Generated_Source\PSoC5/isr_rx_2.c **** *   {
  93:.\Generated_Source\PSoC5/isr_rx_2.c **** *   }
  94:.\Generated_Source\PSoC5/isr_rx_2.c **** *   Function prototype example:
  95:.\Generated_Source\PSoC5/isr_rx_2.c **** *   CY_ISR_PROTO(MyISR);
  96:.\Generated_Source\PSoC5/isr_rx_2.c **** *
  97:.\Generated_Source\PSoC5/isr_rx_2.c **** * Parameters:  
  98:.\Generated_Source\PSoC5/isr_rx_2.c **** *   address: Address of the ISR to set in the interrupt vector table.
  99:.\Generated_Source\PSoC5/isr_rx_2.c **** *
 100:.\Generated_Source\PSoC5/isr_rx_2.c **** * Return:
 101:.\Generated_Source\PSoC5/isr_rx_2.c **** *   None
 102:.\Generated_Source\PSoC5/isr_rx_2.c **** *
 103:.\Generated_Source\PSoC5/isr_rx_2.c **** *******************************************************************************/
 104:.\Generated_Source\PSoC5/isr_rx_2.c **** void isr_rx_2_StartEx(cyisraddress address)
 105:.\Generated_Source\PSoC5/isr_rx_2.c **** {
 106:.\Generated_Source\PSoC5/isr_rx_2.c ****     /* For all we know the interrupt is active. */
 107:.\Generated_Source\PSoC5/isr_rx_2.c ****     isr_rx_2_Disable();
 108:.\Generated_Source\PSoC5/isr_rx_2.c **** 
 109:.\Generated_Source\PSoC5/isr_rx_2.c ****     /* Set the ISR to point to the isr_rx_2 Interrupt. */
 110:.\Generated_Source\PSoC5/isr_rx_2.c ****     isr_rx_2_SetVector(address);
 111:.\Generated_Source\PSoC5/isr_rx_2.c **** 
 112:.\Generated_Source\PSoC5/isr_rx_2.c ****     /* Set the priority. */
 113:.\Generated_Source\PSoC5/isr_rx_2.c ****     isr_rx_2_SetPriority((uint8)isr_rx_2_INTC_PRIOR_NUMBER);
 114:.\Generated_Source\PSoC5/isr_rx_2.c **** 
 115:.\Generated_Source\PSoC5/isr_rx_2.c ****     /* Enable it. */
 116:.\Generated_Source\PSoC5/isr_rx_2.c ****     isr_rx_2_Enable();
 117:.\Generated_Source\PSoC5/isr_rx_2.c **** }
 118:.\Generated_Source\PSoC5/isr_rx_2.c **** 
 119:.\Generated_Source\PSoC5/isr_rx_2.c **** 
 120:.\Generated_Source\PSoC5/isr_rx_2.c **** /*******************************************************************************
 121:.\Generated_Source\PSoC5/isr_rx_2.c **** * Function Name: isr_rx_2_Stop
 122:.\Generated_Source\PSoC5/isr_rx_2.c **** ********************************************************************************
 123:.\Generated_Source\PSoC5/isr_rx_2.c **** *
 124:.\Generated_Source\PSoC5/isr_rx_2.c **** * Summary:
 125:.\Generated_Source\PSoC5/isr_rx_2.c **** *   Disables and removes the interrupt.
 126:.\Generated_Source\PSoC5/isr_rx_2.c **** *
 127:.\Generated_Source\PSoC5/isr_rx_2.c **** * Parameters:  
 128:.\Generated_Source\PSoC5/isr_rx_2.c **** *   None
 129:.\Generated_Source\PSoC5/isr_rx_2.c **** *
 130:.\Generated_Source\PSoC5/isr_rx_2.c **** * Return:
 131:.\Generated_Source\PSoC5/isr_rx_2.c **** *   None
 132:.\Generated_Source\PSoC5/isr_rx_2.c **** *
 133:.\Generated_Source\PSoC5/isr_rx_2.c **** *******************************************************************************/
 134:.\Generated_Source\PSoC5/isr_rx_2.c **** void isr_rx_2_Stop(void)
 135:.\Generated_Source\PSoC5/isr_rx_2.c **** {
 136:.\Generated_Source\PSoC5/isr_rx_2.c ****     /* Disable this interrupt. */
 137:.\Generated_Source\PSoC5/isr_rx_2.c ****     isr_rx_2_Disable();
 138:.\Generated_Source\PSoC5/isr_rx_2.c **** 
 139:.\Generated_Source\PSoC5/isr_rx_2.c ****     /* Set the ISR to point to the passive one. */
 140:.\Generated_Source\PSoC5/isr_rx_2.c ****     isr_rx_2_SetVector(&IntDefaultHandler);
 141:.\Generated_Source\PSoC5/isr_rx_2.c **** }
 142:.\Generated_Source\PSoC5/isr_rx_2.c **** 
 143:.\Generated_Source\PSoC5/isr_rx_2.c **** 
 144:.\Generated_Source\PSoC5/isr_rx_2.c **** /*******************************************************************************
 145:.\Generated_Source\PSoC5/isr_rx_2.c **** * Function Name: isr_rx_2_Interrupt
ARM GAS  C:\Users\dell1\AppData\Local\Temp\ccAxqfau.s 			page 4


 146:.\Generated_Source\PSoC5/isr_rx_2.c **** ********************************************************************************
 147:.\Generated_Source\PSoC5/isr_rx_2.c **** *
 148:.\Generated_Source\PSoC5/isr_rx_2.c **** * Summary:
 149:.\Generated_Source\PSoC5/isr_rx_2.c **** *   The default Interrupt Service Routine for isr_rx_2.
 150:.\Generated_Source\PSoC5/isr_rx_2.c **** *
 151:.\Generated_Source\PSoC5/isr_rx_2.c **** *   Add custom code between the coments to keep the next version of this file
 152:.\Generated_Source\PSoC5/isr_rx_2.c **** *   from over writting your code.
 153:.\Generated_Source\PSoC5/isr_rx_2.c **** *
 154:.\Generated_Source\PSoC5/isr_rx_2.c **** * Parameters:  
 155:.\Generated_Source\PSoC5/isr_rx_2.c **** *
 156:.\Generated_Source\PSoC5/isr_rx_2.c **** * Return:
 157:.\Generated_Source\PSoC5/isr_rx_2.c **** *   None
 158:.\Generated_Source\PSoC5/isr_rx_2.c **** *
 159:.\Generated_Source\PSoC5/isr_rx_2.c **** *******************************************************************************/
 160:.\Generated_Source\PSoC5/isr_rx_2.c **** 
 161:.\Generated_Source\PSoC5/isr_rx_2.c **** 
 162:.\Generated_Source\PSoC5/isr_rx_2.c **** /*******************************************************************************
 163:.\Generated_Source\PSoC5/isr_rx_2.c **** * Function Name: isr_rx_2_SetVector
 164:.\Generated_Source\PSoC5/isr_rx_2.c **** ********************************************************************************
 165:.\Generated_Source\PSoC5/isr_rx_2.c **** *
 166:.\Generated_Source\PSoC5/isr_rx_2.c **** * Summary:
 167:.\Generated_Source\PSoC5/isr_rx_2.c **** *   Change the ISR vector for the Interrupt. Note calling isr_rx_2_Start
 168:.\Generated_Source\PSoC5/isr_rx_2.c **** *   will override any effect this method would have had. To set the vector 
 169:.\Generated_Source\PSoC5/isr_rx_2.c **** *   before the component has been started use isr_rx_2_StartEx instead.
 170:.\Generated_Source\PSoC5/isr_rx_2.c **** * 
 171:.\Generated_Source\PSoC5/isr_rx_2.c **** *   When defining ISR functions, the CY_ISR and CY_ISR_PROTO macros should be 
 172:.\Generated_Source\PSoC5/isr_rx_2.c **** *   used to provide consistent definition across compilers:
 173:.\Generated_Source\PSoC5/isr_rx_2.c **** *
 174:.\Generated_Source\PSoC5/isr_rx_2.c **** *   Function definition example:
 175:.\Generated_Source\PSoC5/isr_rx_2.c **** *   CY_ISR(MyISR)
 176:.\Generated_Source\PSoC5/isr_rx_2.c **** *   {
 177:.\Generated_Source\PSoC5/isr_rx_2.c **** *   }
 178:.\Generated_Source\PSoC5/isr_rx_2.c **** *
 179:.\Generated_Source\PSoC5/isr_rx_2.c **** *   Function prototype example:
 180:.\Generated_Source\PSoC5/isr_rx_2.c **** *     CY_ISR_PROTO(MyISR);
 181:.\Generated_Source\PSoC5/isr_rx_2.c **** *
 182:.\Generated_Source\PSoC5/isr_rx_2.c **** * Parameters:
 183:.\Generated_Source\PSoC5/isr_rx_2.c **** *   address: Address of the ISR to set in the interrupt vector table.
 184:.\Generated_Source\PSoC5/isr_rx_2.c **** *
 185:.\Generated_Source\PSoC5/isr_rx_2.c **** * Return:
 186:.\Generated_Source\PSoC5/isr_rx_2.c **** *   None
 187:.\Generated_Source\PSoC5/isr_rx_2.c **** *
 188:.\Generated_Source\PSoC5/isr_rx_2.c **** *******************************************************************************/
 189:.\Generated_Source\PSoC5/isr_rx_2.c **** void isr_rx_2_SetVector(cyisraddress address)
 190:.\Generated_Source\PSoC5/isr_rx_2.c **** {
  27              		.loc 1 190 0
  28              		.cfi_startproc
  29              		@ args = 0, pretend = 0, frame = 0
  30              		@ frame_needed = 0, uses_anonymous_args = 0
  31              		@ link register save eliminated.
  32              	.LVL0:
 191:.\Generated_Source\PSoC5/isr_rx_2.c ****     cyisraddress * ramVectorTable;
 192:.\Generated_Source\PSoC5/isr_rx_2.c **** 
 193:.\Generated_Source\PSoC5/isr_rx_2.c ****     ramVectorTable = (cyisraddress *) *CYINT_VECT_TABLE;
  33              		.loc 1 193 0
  34 0000 014B     		ldr	r3, .L2
  35 0002 1B68     		ldr	r3, [r3]
ARM GAS  C:\Users\dell1\AppData\Local\Temp\ccAxqfau.s 			page 5


  36              	.LVL1:
 194:.\Generated_Source\PSoC5/isr_rx_2.c **** 
 195:.\Generated_Source\PSoC5/isr_rx_2.c ****     ramVectorTable[CYINT_IRQ_BASE + (uint32)isr_rx_2__INTC_NUMBER] = address;
  37              		.loc 1 195 0
  38 0004 5864     		str	r0, [r3, #68]
  39 0006 7047     		bx	lr
  40              	.L3:
  41              		.align	2
  42              	.L2:
  43 0008 08ED00E0 		.word	-536810232
  44              		.cfi_endproc
  45              	.LFE66:
  46              		.size	isr_rx_2_SetVector, .-isr_rx_2_SetVector
  47              		.section	.text.isr_rx_2_GetVector,"ax",%progbits
  48              		.align	2
  49              		.global	isr_rx_2_GetVector
  50              		.thumb
  51              		.thumb_func
  52              		.type	isr_rx_2_GetVector, %function
  53              	isr_rx_2_GetVector:
  54              	.LFB67:
 196:.\Generated_Source\PSoC5/isr_rx_2.c **** }
 197:.\Generated_Source\PSoC5/isr_rx_2.c **** 
 198:.\Generated_Source\PSoC5/isr_rx_2.c **** 
 199:.\Generated_Source\PSoC5/isr_rx_2.c **** /*******************************************************************************
 200:.\Generated_Source\PSoC5/isr_rx_2.c **** * Function Name: isr_rx_2_GetVector
 201:.\Generated_Source\PSoC5/isr_rx_2.c **** ********************************************************************************
 202:.\Generated_Source\PSoC5/isr_rx_2.c **** *
 203:.\Generated_Source\PSoC5/isr_rx_2.c **** * Summary:
 204:.\Generated_Source\PSoC5/isr_rx_2.c **** *   Gets the "address" of the current ISR vector for the Interrupt.
 205:.\Generated_Source\PSoC5/isr_rx_2.c **** *
 206:.\Generated_Source\PSoC5/isr_rx_2.c **** * Parameters:
 207:.\Generated_Source\PSoC5/isr_rx_2.c **** *   None
 208:.\Generated_Source\PSoC5/isr_rx_2.c **** *
 209:.\Generated_Source\PSoC5/isr_rx_2.c **** * Return:
 210:.\Generated_Source\PSoC5/isr_rx_2.c **** *   Address of the ISR in the interrupt vector table.
 211:.\Generated_Source\PSoC5/isr_rx_2.c **** *
 212:.\Generated_Source\PSoC5/isr_rx_2.c **** *******************************************************************************/
 213:.\Generated_Source\PSoC5/isr_rx_2.c **** cyisraddress isr_rx_2_GetVector(void)
 214:.\Generated_Source\PSoC5/isr_rx_2.c **** {
  55              		.loc 1 214 0
  56              		.cfi_startproc
  57              		@ args = 0, pretend = 0, frame = 0
  58              		@ frame_needed = 0, uses_anonymous_args = 0
  59              		@ link register save eliminated.
 215:.\Generated_Source\PSoC5/isr_rx_2.c ****     cyisraddress * ramVectorTable;
 216:.\Generated_Source\PSoC5/isr_rx_2.c **** 
 217:.\Generated_Source\PSoC5/isr_rx_2.c ****     ramVectorTable = (cyisraddress *) *CYINT_VECT_TABLE;
  60              		.loc 1 217 0
  61 0000 014B     		ldr	r3, .L5
  62 0002 1B68     		ldr	r3, [r3]
  63              	.LVL2:
 218:.\Generated_Source\PSoC5/isr_rx_2.c **** 
 219:.\Generated_Source\PSoC5/isr_rx_2.c ****     return ramVectorTable[CYINT_IRQ_BASE + (uint32)isr_rx_2__INTC_NUMBER];
 220:.\Generated_Source\PSoC5/isr_rx_2.c **** }
  64              		.loc 1 220 0
  65 0004 586C     		ldr	r0, [r3, #68]
ARM GAS  C:\Users\dell1\AppData\Local\Temp\ccAxqfau.s 			page 6


  66 0006 7047     		bx	lr
  67              	.L6:
  68              		.align	2
  69              	.L5:
  70 0008 08ED00E0 		.word	-536810232
  71              		.cfi_endproc
  72              	.LFE67:
  73              		.size	isr_rx_2_GetVector, .-isr_rx_2_GetVector
  74              		.section	.text.isr_rx_2_SetPriority,"ax",%progbits
  75              		.align	2
  76              		.global	isr_rx_2_SetPriority
  77              		.thumb
  78              		.thumb_func
  79              		.type	isr_rx_2_SetPriority, %function
  80              	isr_rx_2_SetPriority:
  81              	.LFB68:
 221:.\Generated_Source\PSoC5/isr_rx_2.c **** 
 222:.\Generated_Source\PSoC5/isr_rx_2.c **** 
 223:.\Generated_Source\PSoC5/isr_rx_2.c **** /*******************************************************************************
 224:.\Generated_Source\PSoC5/isr_rx_2.c **** * Function Name: isr_rx_2_SetPriority
 225:.\Generated_Source\PSoC5/isr_rx_2.c **** ********************************************************************************
 226:.\Generated_Source\PSoC5/isr_rx_2.c **** *
 227:.\Generated_Source\PSoC5/isr_rx_2.c **** * Summary:
 228:.\Generated_Source\PSoC5/isr_rx_2.c **** *   Sets the Priority of the Interrupt. 
 229:.\Generated_Source\PSoC5/isr_rx_2.c **** *
 230:.\Generated_Source\PSoC5/isr_rx_2.c **** *   Note calling isr_rx_2_Start or isr_rx_2_StartEx will 
 231:.\Generated_Source\PSoC5/isr_rx_2.c **** *   override any effect this API would have had. This API should only be called
 232:.\Generated_Source\PSoC5/isr_rx_2.c **** *   after isr_rx_2_Start or isr_rx_2_StartEx has been called. 
 233:.\Generated_Source\PSoC5/isr_rx_2.c **** *   To set the initial priority for the component, use the Design-Wide Resources
 234:.\Generated_Source\PSoC5/isr_rx_2.c **** *   Interrupt Editor.
 235:.\Generated_Source\PSoC5/isr_rx_2.c **** *
 236:.\Generated_Source\PSoC5/isr_rx_2.c **** *   Note This API has no effect on Non-maskable interrupt NMI).
 237:.\Generated_Source\PSoC5/isr_rx_2.c **** *
 238:.\Generated_Source\PSoC5/isr_rx_2.c **** * Parameters:
 239:.\Generated_Source\PSoC5/isr_rx_2.c **** *   priority: Priority of the interrupt, 0 being the highest priority
 240:.\Generated_Source\PSoC5/isr_rx_2.c **** *             PSoC 3 and PSoC 5LP: Priority is from 0 to 7.
 241:.\Generated_Source\PSoC5/isr_rx_2.c **** *             PSoC 4: Priority is from 0 to 3.
 242:.\Generated_Source\PSoC5/isr_rx_2.c **** *
 243:.\Generated_Source\PSoC5/isr_rx_2.c **** * Return:
 244:.\Generated_Source\PSoC5/isr_rx_2.c **** *   None
 245:.\Generated_Source\PSoC5/isr_rx_2.c **** *
 246:.\Generated_Source\PSoC5/isr_rx_2.c **** *******************************************************************************/
 247:.\Generated_Source\PSoC5/isr_rx_2.c **** void isr_rx_2_SetPriority(uint8 priority)
 248:.\Generated_Source\PSoC5/isr_rx_2.c **** {
  82              		.loc 1 248 0
  83              		.cfi_startproc
  84              		@ args = 0, pretend = 0, frame = 0
  85              		@ frame_needed = 0, uses_anonymous_args = 0
  86              		@ link register save eliminated.
  87              	.LVL3:
 249:.\Generated_Source\PSoC5/isr_rx_2.c ****     *isr_rx_2_INTC_PRIOR = priority << 5;
  88              		.loc 1 249 0
  89 0000 4001     		lsls	r0, r0, #5
  90              	.LVL4:
  91 0002 C0B2     		uxtb	r0, r0
  92 0004 014B     		ldr	r3, .L8
  93 0006 1870     		strb	r0, [r3]
ARM GAS  C:\Users\dell1\AppData\Local\Temp\ccAxqfau.s 			page 7


  94 0008 7047     		bx	lr
  95              	.L9:
  96 000a 00BF     		.align	2
  97              	.L8:
  98 000c 01E400E0 		.word	-536812543
  99              		.cfi_endproc
 100              	.LFE68:
 101              		.size	isr_rx_2_SetPriority, .-isr_rx_2_SetPriority
 102              		.section	.text.isr_rx_2_GetPriority,"ax",%progbits
 103              		.align	2
 104              		.global	isr_rx_2_GetPriority
 105              		.thumb
 106              		.thumb_func
 107              		.type	isr_rx_2_GetPriority, %function
 108              	isr_rx_2_GetPriority:
 109              	.LFB69:
 250:.\Generated_Source\PSoC5/isr_rx_2.c **** }
 251:.\Generated_Source\PSoC5/isr_rx_2.c **** 
 252:.\Generated_Source\PSoC5/isr_rx_2.c **** 
 253:.\Generated_Source\PSoC5/isr_rx_2.c **** /*******************************************************************************
 254:.\Generated_Source\PSoC5/isr_rx_2.c **** * Function Name: isr_rx_2_GetPriority
 255:.\Generated_Source\PSoC5/isr_rx_2.c **** ********************************************************************************
 256:.\Generated_Source\PSoC5/isr_rx_2.c **** *
 257:.\Generated_Source\PSoC5/isr_rx_2.c **** * Summary:
 258:.\Generated_Source\PSoC5/isr_rx_2.c **** *   Gets the Priority of the Interrupt.
 259:.\Generated_Source\PSoC5/isr_rx_2.c **** *
 260:.\Generated_Source\PSoC5/isr_rx_2.c **** * Parameters:
 261:.\Generated_Source\PSoC5/isr_rx_2.c **** *   None
 262:.\Generated_Source\PSoC5/isr_rx_2.c **** *
 263:.\Generated_Source\PSoC5/isr_rx_2.c **** * Return:
 264:.\Generated_Source\PSoC5/isr_rx_2.c **** *   Priority of the interrupt, 0 being the highest priority
 265:.\Generated_Source\PSoC5/isr_rx_2.c **** *    PSoC 3 and PSoC 5LP: Priority is from 0 to 7.
 266:.\Generated_Source\PSoC5/isr_rx_2.c **** *    PSoC 4: Priority is from 0 to 3.
 267:.\Generated_Source\PSoC5/isr_rx_2.c **** *
 268:.\Generated_Source\PSoC5/isr_rx_2.c **** *******************************************************************************/
 269:.\Generated_Source\PSoC5/isr_rx_2.c **** uint8 isr_rx_2_GetPriority(void)
 270:.\Generated_Source\PSoC5/isr_rx_2.c **** {
 110              		.loc 1 270 0
 111              		.cfi_startproc
 112              		@ args = 0, pretend = 0, frame = 0
 113              		@ frame_needed = 0, uses_anonymous_args = 0
 114              		@ link register save eliminated.
 271:.\Generated_Source\PSoC5/isr_rx_2.c ****     uint8 priority;
 272:.\Generated_Source\PSoC5/isr_rx_2.c **** 
 273:.\Generated_Source\PSoC5/isr_rx_2.c **** 
 274:.\Generated_Source\PSoC5/isr_rx_2.c ****     priority = *isr_rx_2_INTC_PRIOR >> 5;
 115              		.loc 1 274 0
 116 0000 014B     		ldr	r3, .L11
 117 0002 1878     		ldrb	r0, [r3]	@ zero_extendqisi2
 118              	.LVL5:
 275:.\Generated_Source\PSoC5/isr_rx_2.c **** 
 276:.\Generated_Source\PSoC5/isr_rx_2.c ****     return priority;
 277:.\Generated_Source\PSoC5/isr_rx_2.c **** }
 119              		.loc 1 277 0
 120 0004 4009     		lsrs	r0, r0, #5
 121              	.LVL6:
 122 0006 7047     		bx	lr
ARM GAS  C:\Users\dell1\AppData\Local\Temp\ccAxqfau.s 			page 8


 123              	.L12:
 124              		.align	2
 125              	.L11:
 126 0008 01E400E0 		.word	-536812543
 127              		.cfi_endproc
 128              	.LFE69:
 129              		.size	isr_rx_2_GetPriority, .-isr_rx_2_GetPriority
 130              		.section	.text.isr_rx_2_Enable,"ax",%progbits
 131              		.align	2
 132              		.global	isr_rx_2_Enable
 133              		.thumb
 134              		.thumb_func
 135              		.type	isr_rx_2_Enable, %function
 136              	isr_rx_2_Enable:
 137              	.LFB70:
 278:.\Generated_Source\PSoC5/isr_rx_2.c **** 
 279:.\Generated_Source\PSoC5/isr_rx_2.c **** 
 280:.\Generated_Source\PSoC5/isr_rx_2.c **** /*******************************************************************************
 281:.\Generated_Source\PSoC5/isr_rx_2.c **** * Function Name: isr_rx_2_Enable
 282:.\Generated_Source\PSoC5/isr_rx_2.c **** ********************************************************************************
 283:.\Generated_Source\PSoC5/isr_rx_2.c **** *
 284:.\Generated_Source\PSoC5/isr_rx_2.c **** * Summary:
 285:.\Generated_Source\PSoC5/isr_rx_2.c **** *   Enables the interrupt to the interrupt controller. Do not call this function
 286:.\Generated_Source\PSoC5/isr_rx_2.c **** *   unless ISR_Start() has been called or the functionality of the ISR_Start() 
 287:.\Generated_Source\PSoC5/isr_rx_2.c **** *   function, which sets the vector and the priority, has been called.
 288:.\Generated_Source\PSoC5/isr_rx_2.c **** *
 289:.\Generated_Source\PSoC5/isr_rx_2.c **** * Parameters:
 290:.\Generated_Source\PSoC5/isr_rx_2.c **** *   None
 291:.\Generated_Source\PSoC5/isr_rx_2.c **** *
 292:.\Generated_Source\PSoC5/isr_rx_2.c **** * Return:
 293:.\Generated_Source\PSoC5/isr_rx_2.c **** *   None
 294:.\Generated_Source\PSoC5/isr_rx_2.c **** *
 295:.\Generated_Source\PSoC5/isr_rx_2.c **** *******************************************************************************/
 296:.\Generated_Source\PSoC5/isr_rx_2.c **** void isr_rx_2_Enable(void)
 297:.\Generated_Source\PSoC5/isr_rx_2.c **** {
 138              		.loc 1 297 0
 139              		.cfi_startproc
 140              		@ args = 0, pretend = 0, frame = 0
 141              		@ frame_needed = 0, uses_anonymous_args = 0
 142              		@ link register save eliminated.
 298:.\Generated_Source\PSoC5/isr_rx_2.c ****     /* Enable the general interrupt. */
 299:.\Generated_Source\PSoC5/isr_rx_2.c ****     *isr_rx_2_INTC_SET_EN = isr_rx_2__INTC_MASK;
 143              		.loc 1 299 0
 144 0000 0222     		movs	r2, #2
 145 0002 014B     		ldr	r3, .L14
 146 0004 1A60     		str	r2, [r3]
 147 0006 7047     		bx	lr
 148              	.L15:
 149              		.align	2
 150              	.L14:
 151 0008 00E100E0 		.word	-536813312
 152              		.cfi_endproc
 153              	.LFE70:
 154              		.size	isr_rx_2_Enable, .-isr_rx_2_Enable
 155              		.section	.text.isr_rx_2_GetState,"ax",%progbits
 156              		.align	2
 157              		.global	isr_rx_2_GetState
ARM GAS  C:\Users\dell1\AppData\Local\Temp\ccAxqfau.s 			page 9


 158              		.thumb
 159              		.thumb_func
 160              		.type	isr_rx_2_GetState, %function
 161              	isr_rx_2_GetState:
 162              	.LFB71:
 300:.\Generated_Source\PSoC5/isr_rx_2.c **** }
 301:.\Generated_Source\PSoC5/isr_rx_2.c **** 
 302:.\Generated_Source\PSoC5/isr_rx_2.c **** 
 303:.\Generated_Source\PSoC5/isr_rx_2.c **** /*******************************************************************************
 304:.\Generated_Source\PSoC5/isr_rx_2.c **** * Function Name: isr_rx_2_GetState
 305:.\Generated_Source\PSoC5/isr_rx_2.c **** ********************************************************************************
 306:.\Generated_Source\PSoC5/isr_rx_2.c **** *
 307:.\Generated_Source\PSoC5/isr_rx_2.c **** * Summary:
 308:.\Generated_Source\PSoC5/isr_rx_2.c **** *   Gets the state (enabled, disabled) of the Interrupt.
 309:.\Generated_Source\PSoC5/isr_rx_2.c **** *
 310:.\Generated_Source\PSoC5/isr_rx_2.c **** * Parameters:
 311:.\Generated_Source\PSoC5/isr_rx_2.c **** *   None
 312:.\Generated_Source\PSoC5/isr_rx_2.c **** *
 313:.\Generated_Source\PSoC5/isr_rx_2.c **** * Return:
 314:.\Generated_Source\PSoC5/isr_rx_2.c **** *   1 if enabled, 0 if disabled.
 315:.\Generated_Source\PSoC5/isr_rx_2.c **** *
 316:.\Generated_Source\PSoC5/isr_rx_2.c **** *******************************************************************************/
 317:.\Generated_Source\PSoC5/isr_rx_2.c **** uint8 isr_rx_2_GetState(void)
 318:.\Generated_Source\PSoC5/isr_rx_2.c **** {
 163              		.loc 1 318 0
 164              		.cfi_startproc
 165              		@ args = 0, pretend = 0, frame = 0
 166              		@ frame_needed = 0, uses_anonymous_args = 0
 167              		@ link register save eliminated.
 319:.\Generated_Source\PSoC5/isr_rx_2.c ****     /* Get the state of the general interrupt. */
 320:.\Generated_Source\PSoC5/isr_rx_2.c ****     return ((*isr_rx_2_INTC_SET_EN & (uint32)isr_rx_2__INTC_MASK) != 0u) ? 1u:0u;
 168              		.loc 1 320 0
 169 0000 044B     		ldr	r3, .L19
 170 0002 1B68     		ldr	r3, [r3]
 171 0004 13F0020F 		tst	r3, #2
 172 0008 01D0     		beq	.L18
 173 000a 0120     		movs	r0, #1
 174 000c 7047     		bx	lr
 175              	.L18:
 176 000e 0020     		movs	r0, #0
 321:.\Generated_Source\PSoC5/isr_rx_2.c **** }
 177              		.loc 1 321 0
 178 0010 7047     		bx	lr
 179              	.L20:
 180 0012 00BF     		.align	2
 181              	.L19:
 182 0014 00E100E0 		.word	-536813312
 183              		.cfi_endproc
 184              	.LFE71:
 185              		.size	isr_rx_2_GetState, .-isr_rx_2_GetState
 186              		.section	.text.isr_rx_2_Disable,"ax",%progbits
 187              		.align	2
 188              		.global	isr_rx_2_Disable
 189              		.thumb
 190              		.thumb_func
 191              		.type	isr_rx_2_Disable, %function
 192              	isr_rx_2_Disable:
ARM GAS  C:\Users\dell1\AppData\Local\Temp\ccAxqfau.s 			page 10


 193              	.LFB72:
 322:.\Generated_Source\PSoC5/isr_rx_2.c **** 
 323:.\Generated_Source\PSoC5/isr_rx_2.c **** 
 324:.\Generated_Source\PSoC5/isr_rx_2.c **** /*******************************************************************************
 325:.\Generated_Source\PSoC5/isr_rx_2.c **** * Function Name: isr_rx_2_Disable
 326:.\Generated_Source\PSoC5/isr_rx_2.c **** ********************************************************************************
 327:.\Generated_Source\PSoC5/isr_rx_2.c **** *
 328:.\Generated_Source\PSoC5/isr_rx_2.c **** * Summary:
 329:.\Generated_Source\PSoC5/isr_rx_2.c **** *   Disables the Interrupt in the interrupt controller.
 330:.\Generated_Source\PSoC5/isr_rx_2.c **** *
 331:.\Generated_Source\PSoC5/isr_rx_2.c **** * Parameters:
 332:.\Generated_Source\PSoC5/isr_rx_2.c **** *   None
 333:.\Generated_Source\PSoC5/isr_rx_2.c **** *
 334:.\Generated_Source\PSoC5/isr_rx_2.c **** * Return:
 335:.\Generated_Source\PSoC5/isr_rx_2.c **** *   None
 336:.\Generated_Source\PSoC5/isr_rx_2.c **** *
 337:.\Generated_Source\PSoC5/isr_rx_2.c **** *******************************************************************************/
 338:.\Generated_Source\PSoC5/isr_rx_2.c **** void isr_rx_2_Disable(void)
 339:.\Generated_Source\PSoC5/isr_rx_2.c **** {
 194              		.loc 1 339 0
 195              		.cfi_startproc
 196              		@ args = 0, pretend = 0, frame = 0
 197              		@ frame_needed = 0, uses_anonymous_args = 0
 198              		@ link register save eliminated.
 340:.\Generated_Source\PSoC5/isr_rx_2.c ****     /* Disable the general interrupt. */
 341:.\Generated_Source\PSoC5/isr_rx_2.c ****     *isr_rx_2_INTC_CLR_EN = isr_rx_2__INTC_MASK;
 199              		.loc 1 341 0
 200 0000 0222     		movs	r2, #2
 201 0002 014B     		ldr	r3, .L22
 202 0004 1A60     		str	r2, [r3]
 203 0006 7047     		bx	lr
 204              	.L23:
 205              		.align	2
 206              	.L22:
 207 0008 80E100E0 		.word	-536813184
 208              		.cfi_endproc
 209              	.LFE72:
 210              		.size	isr_rx_2_Disable, .-isr_rx_2_Disable
 211              		.section	.text.isr_rx_2_Start,"ax",%progbits
 212              		.align	2
 213              		.global	isr_rx_2_Start
 214              		.thumb
 215              		.thumb_func
 216              		.type	isr_rx_2_Start, %function
 217              	isr_rx_2_Start:
 218              	.LFB63:
  62:.\Generated_Source\PSoC5/isr_rx_2.c ****     /* For all we know the interrupt is active. */
 219              		.loc 1 62 0
 220              		.cfi_startproc
 221              		@ args = 0, pretend = 0, frame = 0
 222              		@ frame_needed = 0, uses_anonymous_args = 0
 223 0000 08B5     		push	{r3, lr}
 224              		.cfi_def_cfa_offset 8
 225              		.cfi_offset 3, -8
 226              		.cfi_offset 14, -4
  64:.\Generated_Source\PSoC5/isr_rx_2.c **** 
 227              		.loc 1 64 0
ARM GAS  C:\Users\dell1\AppData\Local\Temp\ccAxqfau.s 			page 11


 228 0002 FFF7FEFF 		bl	isr_rx_2_Disable
 229              	.LVL7:
  67:.\Generated_Source\PSoC5/isr_rx_2.c **** 
 230              		.loc 1 67 0
 231 0006 0448     		ldr	r0, .L26
 232 0008 FFF7FEFF 		bl	isr_rx_2_SetVector
 233              	.LVL8:
  70:.\Generated_Source\PSoC5/isr_rx_2.c **** 
 234              		.loc 1 70 0
 235 000c 0720     		movs	r0, #7
 236 000e FFF7FEFF 		bl	isr_rx_2_SetPriority
 237              	.LVL9:
  73:.\Generated_Source\PSoC5/isr_rx_2.c **** }
 238              		.loc 1 73 0
 239 0012 FFF7FEFF 		bl	isr_rx_2_Enable
 240              	.LVL10:
 241 0016 08BD     		pop	{r3, pc}
 242              	.L27:
 243              		.align	2
 244              	.L26:
 245 0018 00000000 		.word	isr_rx_2_Interrupt
 246              		.cfi_endproc
 247              	.LFE63:
 248              		.size	isr_rx_2_Start, .-isr_rx_2_Start
 249              		.section	.text.isr_rx_2_StartEx,"ax",%progbits
 250              		.align	2
 251              		.global	isr_rx_2_StartEx
 252              		.thumb
 253              		.thumb_func
 254              		.type	isr_rx_2_StartEx, %function
 255              	isr_rx_2_StartEx:
 256              	.LFB64:
 105:.\Generated_Source\PSoC5/isr_rx_2.c ****     /* For all we know the interrupt is active. */
 257              		.loc 1 105 0
 258              		.cfi_startproc
 259              		@ args = 0, pretend = 0, frame = 0
 260              		@ frame_needed = 0, uses_anonymous_args = 0
 261              	.LVL11:
 262 0000 10B5     		push	{r4, lr}
 263              		.cfi_def_cfa_offset 8
 264              		.cfi_offset 4, -8
 265              		.cfi_offset 14, -4
 266 0002 0446     		mov	r4, r0
 107:.\Generated_Source\PSoC5/isr_rx_2.c **** 
 267              		.loc 1 107 0
 268 0004 FFF7FEFF 		bl	isr_rx_2_Disable
 269              	.LVL12:
 110:.\Generated_Source\PSoC5/isr_rx_2.c **** 
 270              		.loc 1 110 0
 271 0008 2046     		mov	r0, r4
 272 000a FFF7FEFF 		bl	isr_rx_2_SetVector
 273              	.LVL13:
 113:.\Generated_Source\PSoC5/isr_rx_2.c **** 
 274              		.loc 1 113 0
 275 000e 0720     		movs	r0, #7
 276 0010 FFF7FEFF 		bl	isr_rx_2_SetPriority
 277              	.LVL14:
ARM GAS  C:\Users\dell1\AppData\Local\Temp\ccAxqfau.s 			page 12


 116:.\Generated_Source\PSoC5/isr_rx_2.c **** }
 278              		.loc 1 116 0
 279 0014 FFF7FEFF 		bl	isr_rx_2_Enable
 280              	.LVL15:
 281 0018 10BD     		pop	{r4, pc}
 282              		.cfi_endproc
 283              	.LFE64:
 284              		.size	isr_rx_2_StartEx, .-isr_rx_2_StartEx
 285 001a 00BF     		.section	.text.isr_rx_2_Stop,"ax",%progbits
 286              		.align	2
 287              		.global	isr_rx_2_Stop
 288              		.thumb
 289              		.thumb_func
 290              		.type	isr_rx_2_Stop, %function
 291              	isr_rx_2_Stop:
 292              	.LFB65:
 135:.\Generated_Source\PSoC5/isr_rx_2.c ****     /* Disable this interrupt. */
 293              		.loc 1 135 0
 294              		.cfi_startproc
 295              		@ args = 0, pretend = 0, frame = 0
 296              		@ frame_needed = 0, uses_anonymous_args = 0
 297 0000 08B5     		push	{r3, lr}
 298              		.cfi_def_cfa_offset 8
 299              		.cfi_offset 3, -8
 300              		.cfi_offset 14, -4
 137:.\Generated_Source\PSoC5/isr_rx_2.c **** 
 301              		.loc 1 137 0
 302 0002 FFF7FEFF 		bl	isr_rx_2_Disable
 303              	.LVL16:
 140:.\Generated_Source\PSoC5/isr_rx_2.c **** }
 304              		.loc 1 140 0
 305 0006 0248     		ldr	r0, .L32
 306 0008 FFF7FEFF 		bl	isr_rx_2_SetVector
 307              	.LVL17:
 308 000c 08BD     		pop	{r3, pc}
 309              	.L33:
 310 000e 00BF     		.align	2
 311              	.L32:
 312 0010 00000000 		.word	IntDefaultHandler
 313              		.cfi_endproc
 314              	.LFE65:
 315              		.size	isr_rx_2_Stop, .-isr_rx_2_Stop
 316              		.section	.text.isr_rx_2_SetPending,"ax",%progbits
 317              		.align	2
 318              		.global	isr_rx_2_SetPending
 319              		.thumb
 320              		.thumb_func
 321              		.type	isr_rx_2_SetPending, %function
 322              	isr_rx_2_SetPending:
 323              	.LFB73:
 342:.\Generated_Source\PSoC5/isr_rx_2.c **** }
 343:.\Generated_Source\PSoC5/isr_rx_2.c **** 
 344:.\Generated_Source\PSoC5/isr_rx_2.c **** 
 345:.\Generated_Source\PSoC5/isr_rx_2.c **** /*******************************************************************************
 346:.\Generated_Source\PSoC5/isr_rx_2.c **** * Function Name: isr_rx_2_SetPending
 347:.\Generated_Source\PSoC5/isr_rx_2.c **** ********************************************************************************
 348:.\Generated_Source\PSoC5/isr_rx_2.c **** *
ARM GAS  C:\Users\dell1\AppData\Local\Temp\ccAxqfau.s 			page 13


 349:.\Generated_Source\PSoC5/isr_rx_2.c **** * Summary:
 350:.\Generated_Source\PSoC5/isr_rx_2.c **** *   Causes the Interrupt to enter the pending state, a software method of
 351:.\Generated_Source\PSoC5/isr_rx_2.c **** *   generating the interrupt.
 352:.\Generated_Source\PSoC5/isr_rx_2.c **** *
 353:.\Generated_Source\PSoC5/isr_rx_2.c **** * Parameters:
 354:.\Generated_Source\PSoC5/isr_rx_2.c **** *   None
 355:.\Generated_Source\PSoC5/isr_rx_2.c **** *
 356:.\Generated_Source\PSoC5/isr_rx_2.c **** * Return:
 357:.\Generated_Source\PSoC5/isr_rx_2.c **** *   None
 358:.\Generated_Source\PSoC5/isr_rx_2.c **** *
 359:.\Generated_Source\PSoC5/isr_rx_2.c **** * Side Effects:
 360:.\Generated_Source\PSoC5/isr_rx_2.c **** *   If interrupts are enabled and the interrupt is set up properly, the ISR is
 361:.\Generated_Source\PSoC5/isr_rx_2.c **** *   entered (depending on the priority of this interrupt and other pending 
 362:.\Generated_Source\PSoC5/isr_rx_2.c **** *   interrupts).
 363:.\Generated_Source\PSoC5/isr_rx_2.c **** *
 364:.\Generated_Source\PSoC5/isr_rx_2.c **** *******************************************************************************/
 365:.\Generated_Source\PSoC5/isr_rx_2.c **** void isr_rx_2_SetPending(void)
 366:.\Generated_Source\PSoC5/isr_rx_2.c **** {
 324              		.loc 1 366 0
 325              		.cfi_startproc
 326              		@ args = 0, pretend = 0, frame = 0
 327              		@ frame_needed = 0, uses_anonymous_args = 0
 328              		@ link register save eliminated.
 367:.\Generated_Source\PSoC5/isr_rx_2.c ****     *isr_rx_2_INTC_SET_PD = isr_rx_2__INTC_MASK;
 329              		.loc 1 367 0
 330 0000 0222     		movs	r2, #2
 331 0002 014B     		ldr	r3, .L35
 332 0004 1A60     		str	r2, [r3]
 333 0006 7047     		bx	lr
 334              	.L36:
 335              		.align	2
 336              	.L35:
 337 0008 00E200E0 		.word	-536813056
 338              		.cfi_endproc
 339              	.LFE73:
 340              		.size	isr_rx_2_SetPending, .-isr_rx_2_SetPending
 341              		.section	.text.isr_rx_2_ClearPending,"ax",%progbits
 342              		.align	2
 343              		.global	isr_rx_2_ClearPending
 344              		.thumb
 345              		.thumb_func
 346              		.type	isr_rx_2_ClearPending, %function
 347              	isr_rx_2_ClearPending:
 348              	.LFB74:
 368:.\Generated_Source\PSoC5/isr_rx_2.c **** }
 369:.\Generated_Source\PSoC5/isr_rx_2.c **** 
 370:.\Generated_Source\PSoC5/isr_rx_2.c **** 
 371:.\Generated_Source\PSoC5/isr_rx_2.c **** /*******************************************************************************
 372:.\Generated_Source\PSoC5/isr_rx_2.c **** * Function Name: isr_rx_2_ClearPending
 373:.\Generated_Source\PSoC5/isr_rx_2.c **** ********************************************************************************
 374:.\Generated_Source\PSoC5/isr_rx_2.c **** *
 375:.\Generated_Source\PSoC5/isr_rx_2.c **** * Summary:
 376:.\Generated_Source\PSoC5/isr_rx_2.c **** *   Clears a pending interrupt in the interrupt controller.
 377:.\Generated_Source\PSoC5/isr_rx_2.c **** *
 378:.\Generated_Source\PSoC5/isr_rx_2.c **** *   Note Some interrupt sources are clear-on-read and require the block 
 379:.\Generated_Source\PSoC5/isr_rx_2.c **** *   interrupt/status register to be read/cleared with the appropriate block API 
 380:.\Generated_Source\PSoC5/isr_rx_2.c **** *   (GPIO, UART, and so on). Otherwise the ISR will continue to remain in 
ARM GAS  C:\Users\dell1\AppData\Local\Temp\ccAxqfau.s 			page 14


 381:.\Generated_Source\PSoC5/isr_rx_2.c **** *   pending state even though the interrupt itself is cleared using this API.
 382:.\Generated_Source\PSoC5/isr_rx_2.c **** *
 383:.\Generated_Source\PSoC5/isr_rx_2.c **** * Parameters:
 384:.\Generated_Source\PSoC5/isr_rx_2.c **** *   None
 385:.\Generated_Source\PSoC5/isr_rx_2.c **** *
 386:.\Generated_Source\PSoC5/isr_rx_2.c **** * Return:
 387:.\Generated_Source\PSoC5/isr_rx_2.c **** *   None
 388:.\Generated_Source\PSoC5/isr_rx_2.c **** *
 389:.\Generated_Source\PSoC5/isr_rx_2.c **** *******************************************************************************/
 390:.\Generated_Source\PSoC5/isr_rx_2.c **** void isr_rx_2_ClearPending(void)
 391:.\Generated_Source\PSoC5/isr_rx_2.c **** {
 349              		.loc 1 391 0
 350              		.cfi_startproc
 351              		@ args = 0, pretend = 0, frame = 0
 352              		@ frame_needed = 0, uses_anonymous_args = 0
 353              		@ link register save eliminated.
 392:.\Generated_Source\PSoC5/isr_rx_2.c ****     *isr_rx_2_INTC_CLR_PD = isr_rx_2__INTC_MASK;
 354              		.loc 1 392 0
 355 0000 0222     		movs	r2, #2
 356 0002 014B     		ldr	r3, .L38
 357 0004 1A60     		str	r2, [r3]
 358 0006 7047     		bx	lr
 359              	.L39:
 360              		.align	2
 361              	.L38:
 362 0008 80E200E0 		.word	-536812928
 363              		.cfi_endproc
 364              	.LFE74:
 365              		.size	isr_rx_2_ClearPending, .-isr_rx_2_ClearPending
 366              		.text
 367              	.Letext0:
 368              		.file 2 "f:\\psoc\\psoc creator\\3.3\\psoc creator\\import\\gnu\\arm\\4.9.3\\arm-none-eabi\\includ
 369              		.file 3 "f:\\psoc\\psoc creator\\3.3\\psoc creator\\import\\gnu\\arm\\4.9.3\\arm-none-eabi\\includ
 370              		.file 4 "Generated_Source\\PSoC5/cytypes.h"
 371              		.file 5 "Generated_Source\\PSoC5/core_cm3.h"
 372              		.section	.debug_info,"",%progbits
 373              	.Ldebug_info0:
 374 0000 CD020000 		.4byte	0x2cd
 375 0004 0400     		.2byte	0x4
 376 0006 00000000 		.4byte	.Ldebug_abbrev0
 377 000a 04       		.byte	0x4
 378 000b 01       		.uleb128 0x1
 379 000c 45010000 		.4byte	.LASF34
 380 0010 01       		.byte	0x1
 381 0011 91000000 		.4byte	.LASF35
 382 0015 14000000 		.4byte	.LASF36
 383 0019 00000000 		.4byte	.Ldebug_ranges0+0
 384 001d 00000000 		.4byte	0
 385 0021 00000000 		.4byte	.Ldebug_line0
 386 0025 02       		.uleb128 0x2
 387 0026 04       		.byte	0x4
 388 0027 05       		.byte	0x5
 389 0028 696E7400 		.ascii	"int\000"
 390 002c 03       		.uleb128 0x3
 391 002d 04       		.byte	0x4
 392 002e 07       		.byte	0x7
 393 002f D3010000 		.4byte	.LASF0
ARM GAS  C:\Users\dell1\AppData\Local\Temp\ccAxqfau.s 			page 15


 394 0033 03       		.uleb128 0x3
 395 0034 01       		.byte	0x1
 396 0035 06       		.byte	0x6
 397 0036 A4020000 		.4byte	.LASF1
 398 003a 03       		.uleb128 0x3
 399 003b 01       		.byte	0x1
 400 003c 08       		.byte	0x8
 401 003d C1000000 		.4byte	.LASF2
 402 0041 03       		.uleb128 0x3
 403 0042 02       		.byte	0x2
 404 0043 05       		.byte	0x5
 405 0044 5F020000 		.4byte	.LASF3
 406 0048 03       		.uleb128 0x3
 407 0049 02       		.byte	0x2
 408 004a 07       		.byte	0x7
 409 004b F9000000 		.4byte	.LASF4
 410 004f 04       		.uleb128 0x4
 411 0050 62000000 		.4byte	.LASF11
 412 0054 02       		.byte	0x2
 413 0055 3F       		.byte	0x3f
 414 0056 5A000000 		.4byte	0x5a
 415 005a 03       		.uleb128 0x3
 416 005b 04       		.byte	0x4
 417 005c 05       		.byte	0x5
 418 005d 8C020000 		.4byte	.LASF5
 419 0061 03       		.uleb128 0x3
 420 0062 04       		.byte	0x4
 421 0063 07       		.byte	0x7
 422 0064 E7000000 		.4byte	.LASF6
 423 0068 03       		.uleb128 0x3
 424 0069 08       		.byte	0x8
 425 006a 05       		.byte	0x5
 426 006b 00000000 		.4byte	.LASF7
 427 006f 03       		.uleb128 0x3
 428 0070 08       		.byte	0x8
 429 0071 07       		.byte	0x7
 430 0072 EE010000 		.4byte	.LASF8
 431 0076 03       		.uleb128 0x3
 432 0077 04       		.byte	0x4
 433 0078 07       		.byte	0x7
 434 0079 2F020000 		.4byte	.LASF9
 435 007d 05       		.uleb128 0x5
 436 007e 04       		.byte	0x4
 437 007f 83000000 		.4byte	0x83
 438 0083 06       		.uleb128 0x6
 439 0084 03       		.uleb128 0x3
 440 0085 01       		.byte	0x1
 441 0086 08       		.byte	0x8
 442 0087 4B020000 		.4byte	.LASF10
 443 008b 04       		.uleb128 0x4
 444 008c 27020000 		.4byte	.LASF12
 445 0090 03       		.byte	0x3
 446 0091 2C       		.byte	0x2c
 447 0092 4F000000 		.4byte	0x4f
 448 0096 07       		.uleb128 0x7
 449 0097 BB000000 		.4byte	.LASF13
 450 009b 04       		.byte	0x4
ARM GAS  C:\Users\dell1\AppData\Local\Temp\ccAxqfau.s 			page 16


 451 009c 9201     		.2byte	0x192
 452 009e 3A000000 		.4byte	0x3a
 453 00a2 07       		.uleb128 0x7
 454 00a3 3E010000 		.4byte	.LASF14
 455 00a7 04       		.byte	0x4
 456 00a8 9401     		.2byte	0x194
 457 00aa 61000000 		.4byte	0x61
 458 00ae 03       		.uleb128 0x3
 459 00af 04       		.byte	0x4
 460 00b0 04       		.byte	0x4
 461 00b1 B5000000 		.4byte	.LASF15
 462 00b5 03       		.uleb128 0x3
 463 00b6 08       		.byte	0x8
 464 00b7 04       		.byte	0x4
 465 00b8 2E010000 		.4byte	.LASF16
 466 00bc 07       		.uleb128 0x7
 467 00bd CF000000 		.4byte	.LASF17
 468 00c1 04       		.byte	0x4
 469 00c2 3C02     		.2byte	0x23c
 470 00c4 C8000000 		.4byte	0xc8
 471 00c8 08       		.uleb128 0x8
 472 00c9 96000000 		.4byte	0x96
 473 00cd 07       		.uleb128 0x7
 474 00ce 0E000000 		.4byte	.LASF18
 475 00d2 04       		.byte	0x4
 476 00d3 3E02     		.2byte	0x23e
 477 00d5 D9000000 		.4byte	0xd9
 478 00d9 08       		.uleb128 0x8
 479 00da A2000000 		.4byte	0xa2
 480 00de 07       		.uleb128 0x7
 481 00df 05020000 		.4byte	.LASF19
 482 00e3 04       		.byte	0x4
 483 00e4 4E02     		.2byte	0x24e
 484 00e6 7D000000 		.4byte	0x7d
 485 00ea 09       		.uleb128 0x9
 486 00eb D4000000 		.4byte	.LASF21
 487 00ef 01       		.byte	0x1
 488 00f0 BD       		.byte	0xbd
 489 00f1 00000000 		.4byte	.LFB66
 490 00f5 0C000000 		.4byte	.LFE66-.LFB66
 491 00f9 01       		.uleb128 0x1
 492 00fa 9C       		.byte	0x9c
 493 00fb 1A010000 		.4byte	0x11a
 494 00ff 0A       		.uleb128 0xa
 495 0100 5A000000 		.4byte	.LASF23
 496 0104 01       		.byte	0x1
 497 0105 BD       		.byte	0xbd
 498 0106 DE000000 		.4byte	0xde
 499 010a 01       		.uleb128 0x1
 500 010b 50       		.byte	0x50
 501 010c 0B       		.uleb128 0xb
 502 010d 50020000 		.4byte	.LASF20
 503 0111 01       		.byte	0x1
 504 0112 BF       		.byte	0xbf
 505 0113 1A010000 		.4byte	0x11a
 506 0117 01       		.uleb128 0x1
 507 0118 53       		.byte	0x53
ARM GAS  C:\Users\dell1\AppData\Local\Temp\ccAxqfau.s 			page 17


 508 0119 00       		.byte	0
 509 011a 05       		.uleb128 0x5
 510 011b 04       		.byte	0x4
 511 011c DE000000 		.4byte	0xde
 512 0120 0C       		.uleb128 0xc
 513 0121 38020000 		.4byte	.LASF25
 514 0125 01       		.byte	0x1
 515 0126 D5       		.byte	0xd5
 516 0127 DE000000 		.4byte	0xde
 517 012b 00000000 		.4byte	.LFB67
 518 012f 0C000000 		.4byte	.LFE67-.LFB67
 519 0133 01       		.uleb128 0x1
 520 0134 9C       		.byte	0x9c
 521 0135 47010000 		.4byte	0x147
 522 0139 0B       		.uleb128 0xb
 523 013a 50020000 		.4byte	.LASF20
 524 013e 01       		.byte	0x1
 525 013f D7       		.byte	0xd7
 526 0140 1A010000 		.4byte	0x11a
 527 0144 01       		.uleb128 0x1
 528 0145 53       		.byte	0x53
 529 0146 00       		.byte	0
 530 0147 09       		.uleb128 0x9
 531 0148 12020000 		.4byte	.LASF22
 532 014c 01       		.byte	0x1
 533 014d F7       		.byte	0xf7
 534 014e 00000000 		.4byte	.LFB68
 535 0152 10000000 		.4byte	.LFE68-.LFB68
 536 0156 01       		.uleb128 0x1
 537 0157 9C       		.byte	0x9c
 538 0158 6C010000 		.4byte	0x16c
 539 015c 0D       		.uleb128 0xd
 540 015d 35010000 		.4byte	.LASF24
 541 0161 01       		.byte	0x1
 542 0162 F7       		.byte	0xf7
 543 0163 96000000 		.4byte	0x96
 544 0167 00000000 		.4byte	.LLST0
 545 016b 00       		.byte	0
 546 016c 0E       		.uleb128 0xe
 547 016d 0C010000 		.4byte	.LASF26
 548 0171 01       		.byte	0x1
 549 0172 0D01     		.2byte	0x10d
 550 0174 96000000 		.4byte	0x96
 551 0178 00000000 		.4byte	.LFB69
 552 017c 0C000000 		.4byte	.LFE69-.LFB69
 553 0180 01       		.uleb128 0x1
 554 0181 9C       		.byte	0x9c
 555 0182 97010000 		.4byte	0x197
 556 0186 0F       		.uleb128 0xf
 557 0187 35010000 		.4byte	.LASF24
 558 018b 01       		.byte	0x1
 559 018c 0F01     		.2byte	0x10f
 560 018e 96000000 		.4byte	0x96
 561 0192 21000000 		.4byte	.LLST1
 562 0196 00       		.byte	0
 563 0197 10       		.uleb128 0x10
 564 0198 B0020000 		.4byte	.LASF27
ARM GAS  C:\Users\dell1\AppData\Local\Temp\ccAxqfau.s 			page 18


 565 019c 01       		.byte	0x1
 566 019d 2801     		.2byte	0x128
 567 019f 00000000 		.4byte	.LFB70
 568 01a3 0C000000 		.4byte	.LFE70-.LFB70
 569 01a7 01       		.uleb128 0x1
 570 01a8 9C       		.byte	0x9c
 571 01a9 11       		.uleb128 0x11
 572 01aa 69020000 		.4byte	.LASF37
 573 01ae 01       		.byte	0x1
 574 01af 3D01     		.2byte	0x13d
 575 01b1 96000000 		.4byte	0x96
 576 01b5 00000000 		.4byte	.LFB71
 577 01b9 18000000 		.4byte	.LFE71-.LFB71
 578 01bd 01       		.uleb128 0x1
 579 01be 9C       		.byte	0x9c
 580 01bf 10       		.uleb128 0x10
 581 01c0 6C000000 		.4byte	.LASF28
 582 01c4 01       		.byte	0x1
 583 01c5 5201     		.2byte	0x152
 584 01c7 00000000 		.4byte	.LFB72
 585 01cb 0C000000 		.4byte	.LFE72-.LFB72
 586 01cf 01       		.uleb128 0x1
 587 01d0 9C       		.byte	0x9c
 588 01d1 09       		.uleb128 0x9
 589 01d2 95020000 		.4byte	.LASF29
 590 01d6 01       		.byte	0x1
 591 01d7 3D       		.byte	0x3d
 592 01d8 00000000 		.4byte	.LFB63
 593 01dc 1C000000 		.4byte	.LFE63-.LFB63
 594 01e0 01       		.uleb128 0x1
 595 01e1 9C       		.byte	0x9c
 596 01e2 15020000 		.4byte	0x215
 597 01e6 12       		.uleb128 0x12
 598 01e7 06000000 		.4byte	.LVL7
 599 01eb BF010000 		.4byte	0x1bf
 600 01ef 12       		.uleb128 0x12
 601 01f0 0C000000 		.4byte	.LVL8
 602 01f4 EA000000 		.4byte	0xea
 603 01f8 13       		.uleb128 0x13
 604 01f9 12000000 		.4byte	.LVL9
 605 01fd 47010000 		.4byte	0x147
 606 0201 0B020000 		.4byte	0x20b
 607 0205 14       		.uleb128 0x14
 608 0206 01       		.uleb128 0x1
 609 0207 50       		.byte	0x50
 610 0208 01       		.uleb128 0x1
 611 0209 37       		.byte	0x37
 612 020a 00       		.byte	0
 613 020b 12       		.uleb128 0x12
 614 020c 16000000 		.4byte	.LVL10
 615 0210 97010000 		.4byte	0x197
 616 0214 00       		.byte	0
 617 0215 09       		.uleb128 0x9
 618 0216 7B020000 		.4byte	.LASF30
 619 021a 01       		.byte	0x1
 620 021b 68       		.byte	0x68
 621 021c 00000000 		.4byte	.LFB64
ARM GAS  C:\Users\dell1\AppData\Local\Temp\ccAxqfau.s 			page 19


 622 0220 1A000000 		.4byte	.LFE64-.LFB64
 623 0224 01       		.uleb128 0x1
 624 0225 9C       		.byte	0x9c
 625 0226 73020000 		.4byte	0x273
 626 022a 0D       		.uleb128 0xd
 627 022b 5A000000 		.4byte	.LASF23
 628 022f 01       		.byte	0x1
 629 0230 68       		.byte	0x68
 630 0231 DE000000 		.4byte	0xde
 631 0235 38000000 		.4byte	.LLST2
 632 0239 12       		.uleb128 0x12
 633 023a 08000000 		.4byte	.LVL12
 634 023e BF010000 		.4byte	0x1bf
 635 0242 13       		.uleb128 0x13
 636 0243 0E000000 		.4byte	.LVL13
 637 0247 EA000000 		.4byte	0xea
 638 024b 56020000 		.4byte	0x256
 639 024f 14       		.uleb128 0x14
 640 0250 01       		.uleb128 0x1
 641 0251 50       		.byte	0x50
 642 0252 02       		.uleb128 0x2
 643 0253 74       		.byte	0x74
 644 0254 00       		.sleb128 0
 645 0255 00       		.byte	0
 646 0256 13       		.uleb128 0x13
 647 0257 14000000 		.4byte	.LVL14
 648 025b 47010000 		.4byte	0x147
 649 025f 69020000 		.4byte	0x269
 650 0263 14       		.uleb128 0x14
 651 0264 01       		.uleb128 0x1
 652 0265 50       		.byte	0x50
 653 0266 01       		.uleb128 0x1
 654 0267 37       		.byte	0x37
 655 0268 00       		.byte	0
 656 0269 12       		.uleb128 0x12
 657 026a 18000000 		.4byte	.LVL15
 658 026e 97010000 		.4byte	0x197
 659 0272 00       		.byte	0
 660 0273 09       		.uleb128 0x9
 661 0274 E0010000 		.4byte	.LASF31
 662 0278 01       		.byte	0x1
 663 0279 86       		.byte	0x86
 664 027a 00000000 		.4byte	.LFB65
 665 027e 14000000 		.4byte	.LFE65-.LFB65
 666 0282 01       		.uleb128 0x1
 667 0283 9C       		.byte	0x9c
 668 0284 9B020000 		.4byte	0x29b
 669 0288 12       		.uleb128 0x12
 670 0289 06000000 		.4byte	.LVL16
 671 028d BF010000 		.4byte	0x1bf
 672 0291 12       		.uleb128 0x12
 673 0292 0C000000 		.4byte	.LVL17
 674 0296 EA000000 		.4byte	0xea
 675 029a 00       		.byte	0
 676 029b 10       		.uleb128 0x10
 677 029c 7D000000 		.4byte	.LASF32
 678 02a0 01       		.byte	0x1
ARM GAS  C:\Users\dell1\AppData\Local\Temp\ccAxqfau.s 			page 20


 679 02a1 6D01     		.2byte	0x16d
 680 02a3 00000000 		.4byte	.LFB73
 681 02a7 0C000000 		.4byte	.LFE73-.LFB73
 682 02ab 01       		.uleb128 0x1
 683 02ac 9C       		.byte	0x9c
 684 02ad 10       		.uleb128 0x10
 685 02ae 44000000 		.4byte	.LASF33
 686 02b2 01       		.byte	0x1
 687 02b3 8601     		.2byte	0x186
 688 02b5 00000000 		.4byte	.LFB74
 689 02b9 0C000000 		.4byte	.LFE74-.LFB74
 690 02bd 01       		.uleb128 0x1
 691 02be 9C       		.byte	0x9c
 692 02bf 15       		.uleb128 0x15
 693 02c0 21010000 		.4byte	.LASF38
 694 02c4 05       		.byte	0x5
 695 02c5 9606     		.2byte	0x696
 696 02c7 CB020000 		.4byte	0x2cb
 697 02cb 08       		.uleb128 0x8
 698 02cc 8B000000 		.4byte	0x8b
 699 02d0 00       		.byte	0
 700              		.section	.debug_abbrev,"",%progbits
 701              	.Ldebug_abbrev0:
 702 0000 01       		.uleb128 0x1
 703 0001 11       		.uleb128 0x11
 704 0002 01       		.byte	0x1
 705 0003 25       		.uleb128 0x25
 706 0004 0E       		.uleb128 0xe
 707 0005 13       		.uleb128 0x13
 708 0006 0B       		.uleb128 0xb
 709 0007 03       		.uleb128 0x3
 710 0008 0E       		.uleb128 0xe
 711 0009 1B       		.uleb128 0x1b
 712 000a 0E       		.uleb128 0xe
 713 000b 55       		.uleb128 0x55
 714 000c 17       		.uleb128 0x17
 715 000d 11       		.uleb128 0x11
 716 000e 01       		.uleb128 0x1
 717 000f 10       		.uleb128 0x10
 718 0010 17       		.uleb128 0x17
 719 0011 00       		.byte	0
 720 0012 00       		.byte	0
 721 0013 02       		.uleb128 0x2
 722 0014 24       		.uleb128 0x24
 723 0015 00       		.byte	0
 724 0016 0B       		.uleb128 0xb
 725 0017 0B       		.uleb128 0xb
 726 0018 3E       		.uleb128 0x3e
 727 0019 0B       		.uleb128 0xb
 728 001a 03       		.uleb128 0x3
 729 001b 08       		.uleb128 0x8
 730 001c 00       		.byte	0
 731 001d 00       		.byte	0
 732 001e 03       		.uleb128 0x3
 733 001f 24       		.uleb128 0x24
 734 0020 00       		.byte	0
 735 0021 0B       		.uleb128 0xb
ARM GAS  C:\Users\dell1\AppData\Local\Temp\ccAxqfau.s 			page 21


 736 0022 0B       		.uleb128 0xb
 737 0023 3E       		.uleb128 0x3e
 738 0024 0B       		.uleb128 0xb
 739 0025 03       		.uleb128 0x3
 740 0026 0E       		.uleb128 0xe
 741 0027 00       		.byte	0
 742 0028 00       		.byte	0
 743 0029 04       		.uleb128 0x4
 744 002a 16       		.uleb128 0x16
 745 002b 00       		.byte	0
 746 002c 03       		.uleb128 0x3
 747 002d 0E       		.uleb128 0xe
 748 002e 3A       		.uleb128 0x3a
 749 002f 0B       		.uleb128 0xb
 750 0030 3B       		.uleb128 0x3b
 751 0031 0B       		.uleb128 0xb
 752 0032 49       		.uleb128 0x49
 753 0033 13       		.uleb128 0x13
 754 0034 00       		.byte	0
 755 0035 00       		.byte	0
 756 0036 05       		.uleb128 0x5
 757 0037 0F       		.uleb128 0xf
 758 0038 00       		.byte	0
 759 0039 0B       		.uleb128 0xb
 760 003a 0B       		.uleb128 0xb
 761 003b 49       		.uleb128 0x49
 762 003c 13       		.uleb128 0x13
 763 003d 00       		.byte	0
 764 003e 00       		.byte	0
 765 003f 06       		.uleb128 0x6
 766 0040 15       		.uleb128 0x15
 767 0041 00       		.byte	0
 768 0042 27       		.uleb128 0x27
 769 0043 19       		.uleb128 0x19
 770 0044 00       		.byte	0
 771 0045 00       		.byte	0
 772 0046 07       		.uleb128 0x7
 773 0047 16       		.uleb128 0x16
 774 0048 00       		.byte	0
 775 0049 03       		.uleb128 0x3
 776 004a 0E       		.uleb128 0xe
 777 004b 3A       		.uleb128 0x3a
 778 004c 0B       		.uleb128 0xb
 779 004d 3B       		.uleb128 0x3b
 780 004e 05       		.uleb128 0x5
 781 004f 49       		.uleb128 0x49
 782 0050 13       		.uleb128 0x13
 783 0051 00       		.byte	0
 784 0052 00       		.byte	0
 785 0053 08       		.uleb128 0x8
 786 0054 35       		.uleb128 0x35
 787 0055 00       		.byte	0
 788 0056 49       		.uleb128 0x49
 789 0057 13       		.uleb128 0x13
 790 0058 00       		.byte	0
 791 0059 00       		.byte	0
 792 005a 09       		.uleb128 0x9
ARM GAS  C:\Users\dell1\AppData\Local\Temp\ccAxqfau.s 			page 22


 793 005b 2E       		.uleb128 0x2e
 794 005c 01       		.byte	0x1
 795 005d 3F       		.uleb128 0x3f
 796 005e 19       		.uleb128 0x19
 797 005f 03       		.uleb128 0x3
 798 0060 0E       		.uleb128 0xe
 799 0061 3A       		.uleb128 0x3a
 800 0062 0B       		.uleb128 0xb
 801 0063 3B       		.uleb128 0x3b
 802 0064 0B       		.uleb128 0xb
 803 0065 27       		.uleb128 0x27
 804 0066 19       		.uleb128 0x19
 805 0067 11       		.uleb128 0x11
 806 0068 01       		.uleb128 0x1
 807 0069 12       		.uleb128 0x12
 808 006a 06       		.uleb128 0x6
 809 006b 40       		.uleb128 0x40
 810 006c 18       		.uleb128 0x18
 811 006d 9742     		.uleb128 0x2117
 812 006f 19       		.uleb128 0x19
 813 0070 01       		.uleb128 0x1
 814 0071 13       		.uleb128 0x13
 815 0072 00       		.byte	0
 816 0073 00       		.byte	0
 817 0074 0A       		.uleb128 0xa
 818 0075 05       		.uleb128 0x5
 819 0076 00       		.byte	0
 820 0077 03       		.uleb128 0x3
 821 0078 0E       		.uleb128 0xe
 822 0079 3A       		.uleb128 0x3a
 823 007a 0B       		.uleb128 0xb
 824 007b 3B       		.uleb128 0x3b
 825 007c 0B       		.uleb128 0xb
 826 007d 49       		.uleb128 0x49
 827 007e 13       		.uleb128 0x13
 828 007f 02       		.uleb128 0x2
 829 0080 18       		.uleb128 0x18
 830 0081 00       		.byte	0
 831 0082 00       		.byte	0
 832 0083 0B       		.uleb128 0xb
 833 0084 34       		.uleb128 0x34
 834 0085 00       		.byte	0
 835 0086 03       		.uleb128 0x3
 836 0087 0E       		.uleb128 0xe
 837 0088 3A       		.uleb128 0x3a
 838 0089 0B       		.uleb128 0xb
 839 008a 3B       		.uleb128 0x3b
 840 008b 0B       		.uleb128 0xb
 841 008c 49       		.uleb128 0x49
 842 008d 13       		.uleb128 0x13
 843 008e 02       		.uleb128 0x2
 844 008f 18       		.uleb128 0x18
 845 0090 00       		.byte	0
 846 0091 00       		.byte	0
 847 0092 0C       		.uleb128 0xc
 848 0093 2E       		.uleb128 0x2e
 849 0094 01       		.byte	0x1
ARM GAS  C:\Users\dell1\AppData\Local\Temp\ccAxqfau.s 			page 23


 850 0095 3F       		.uleb128 0x3f
 851 0096 19       		.uleb128 0x19
 852 0097 03       		.uleb128 0x3
 853 0098 0E       		.uleb128 0xe
 854 0099 3A       		.uleb128 0x3a
 855 009a 0B       		.uleb128 0xb
 856 009b 3B       		.uleb128 0x3b
 857 009c 0B       		.uleb128 0xb
 858 009d 27       		.uleb128 0x27
 859 009e 19       		.uleb128 0x19
 860 009f 49       		.uleb128 0x49
 861 00a0 13       		.uleb128 0x13
 862 00a1 11       		.uleb128 0x11
 863 00a2 01       		.uleb128 0x1
 864 00a3 12       		.uleb128 0x12
 865 00a4 06       		.uleb128 0x6
 866 00a5 40       		.uleb128 0x40
 867 00a6 18       		.uleb128 0x18
 868 00a7 9742     		.uleb128 0x2117
 869 00a9 19       		.uleb128 0x19
 870 00aa 01       		.uleb128 0x1
 871 00ab 13       		.uleb128 0x13
 872 00ac 00       		.byte	0
 873 00ad 00       		.byte	0
 874 00ae 0D       		.uleb128 0xd
 875 00af 05       		.uleb128 0x5
 876 00b0 00       		.byte	0
 877 00b1 03       		.uleb128 0x3
 878 00b2 0E       		.uleb128 0xe
 879 00b3 3A       		.uleb128 0x3a
 880 00b4 0B       		.uleb128 0xb
 881 00b5 3B       		.uleb128 0x3b
 882 00b6 0B       		.uleb128 0xb
 883 00b7 49       		.uleb128 0x49
 884 00b8 13       		.uleb128 0x13
 885 00b9 02       		.uleb128 0x2
 886 00ba 17       		.uleb128 0x17
 887 00bb 00       		.byte	0
 888 00bc 00       		.byte	0
 889 00bd 0E       		.uleb128 0xe
 890 00be 2E       		.uleb128 0x2e
 891 00bf 01       		.byte	0x1
 892 00c0 3F       		.uleb128 0x3f
 893 00c1 19       		.uleb128 0x19
 894 00c2 03       		.uleb128 0x3
 895 00c3 0E       		.uleb128 0xe
 896 00c4 3A       		.uleb128 0x3a
 897 00c5 0B       		.uleb128 0xb
 898 00c6 3B       		.uleb128 0x3b
 899 00c7 05       		.uleb128 0x5
 900 00c8 27       		.uleb128 0x27
 901 00c9 19       		.uleb128 0x19
 902 00ca 49       		.uleb128 0x49
 903 00cb 13       		.uleb128 0x13
 904 00cc 11       		.uleb128 0x11
 905 00cd 01       		.uleb128 0x1
 906 00ce 12       		.uleb128 0x12
ARM GAS  C:\Users\dell1\AppData\Local\Temp\ccAxqfau.s 			page 24


 907 00cf 06       		.uleb128 0x6
 908 00d0 40       		.uleb128 0x40
 909 00d1 18       		.uleb128 0x18
 910 00d2 9742     		.uleb128 0x2117
 911 00d4 19       		.uleb128 0x19
 912 00d5 01       		.uleb128 0x1
 913 00d6 13       		.uleb128 0x13
 914 00d7 00       		.byte	0
 915 00d8 00       		.byte	0
 916 00d9 0F       		.uleb128 0xf
 917 00da 34       		.uleb128 0x34
 918 00db 00       		.byte	0
 919 00dc 03       		.uleb128 0x3
 920 00dd 0E       		.uleb128 0xe
 921 00de 3A       		.uleb128 0x3a
 922 00df 0B       		.uleb128 0xb
 923 00e0 3B       		.uleb128 0x3b
 924 00e1 05       		.uleb128 0x5
 925 00e2 49       		.uleb128 0x49
 926 00e3 13       		.uleb128 0x13
 927 00e4 02       		.uleb128 0x2
 928 00e5 17       		.uleb128 0x17
 929 00e6 00       		.byte	0
 930 00e7 00       		.byte	0
 931 00e8 10       		.uleb128 0x10
 932 00e9 2E       		.uleb128 0x2e
 933 00ea 00       		.byte	0
 934 00eb 3F       		.uleb128 0x3f
 935 00ec 19       		.uleb128 0x19
 936 00ed 03       		.uleb128 0x3
 937 00ee 0E       		.uleb128 0xe
 938 00ef 3A       		.uleb128 0x3a
 939 00f0 0B       		.uleb128 0xb
 940 00f1 3B       		.uleb128 0x3b
 941 00f2 05       		.uleb128 0x5
 942 00f3 27       		.uleb128 0x27
 943 00f4 19       		.uleb128 0x19
 944 00f5 11       		.uleb128 0x11
 945 00f6 01       		.uleb128 0x1
 946 00f7 12       		.uleb128 0x12
 947 00f8 06       		.uleb128 0x6
 948 00f9 40       		.uleb128 0x40
 949 00fa 18       		.uleb128 0x18
 950 00fb 9742     		.uleb128 0x2117
 951 00fd 19       		.uleb128 0x19
 952 00fe 00       		.byte	0
 953 00ff 00       		.byte	0
 954 0100 11       		.uleb128 0x11
 955 0101 2E       		.uleb128 0x2e
 956 0102 00       		.byte	0
 957 0103 3F       		.uleb128 0x3f
 958 0104 19       		.uleb128 0x19
 959 0105 03       		.uleb128 0x3
 960 0106 0E       		.uleb128 0xe
 961 0107 3A       		.uleb128 0x3a
 962 0108 0B       		.uleb128 0xb
 963 0109 3B       		.uleb128 0x3b
ARM GAS  C:\Users\dell1\AppData\Local\Temp\ccAxqfau.s 			page 25


 964 010a 05       		.uleb128 0x5
 965 010b 27       		.uleb128 0x27
 966 010c 19       		.uleb128 0x19
 967 010d 49       		.uleb128 0x49
 968 010e 13       		.uleb128 0x13
 969 010f 11       		.uleb128 0x11
 970 0110 01       		.uleb128 0x1
 971 0111 12       		.uleb128 0x12
 972 0112 06       		.uleb128 0x6
 973 0113 40       		.uleb128 0x40
 974 0114 18       		.uleb128 0x18
 975 0115 9742     		.uleb128 0x2117
 976 0117 19       		.uleb128 0x19
 977 0118 00       		.byte	0
 978 0119 00       		.byte	0
 979 011a 12       		.uleb128 0x12
 980 011b 898201   		.uleb128 0x4109
 981 011e 00       		.byte	0
 982 011f 11       		.uleb128 0x11
 983 0120 01       		.uleb128 0x1
 984 0121 31       		.uleb128 0x31
 985 0122 13       		.uleb128 0x13
 986 0123 00       		.byte	0
 987 0124 00       		.byte	0
 988 0125 13       		.uleb128 0x13
 989 0126 898201   		.uleb128 0x4109
 990 0129 01       		.byte	0x1
 991 012a 11       		.uleb128 0x11
 992 012b 01       		.uleb128 0x1
 993 012c 31       		.uleb128 0x31
 994 012d 13       		.uleb128 0x13
 995 012e 01       		.uleb128 0x1
 996 012f 13       		.uleb128 0x13
 997 0130 00       		.byte	0
 998 0131 00       		.byte	0
 999 0132 14       		.uleb128 0x14
 1000 0133 8A8201   		.uleb128 0x410a
 1001 0136 00       		.byte	0
 1002 0137 02       		.uleb128 0x2
 1003 0138 18       		.uleb128 0x18
 1004 0139 9142     		.uleb128 0x2111
 1005 013b 18       		.uleb128 0x18
 1006 013c 00       		.byte	0
 1007 013d 00       		.byte	0
 1008 013e 15       		.uleb128 0x15
 1009 013f 34       		.uleb128 0x34
 1010 0140 00       		.byte	0
 1011 0141 03       		.uleb128 0x3
 1012 0142 0E       		.uleb128 0xe
 1013 0143 3A       		.uleb128 0x3a
 1014 0144 0B       		.uleb128 0xb
 1015 0145 3B       		.uleb128 0x3b
 1016 0146 05       		.uleb128 0x5
 1017 0147 49       		.uleb128 0x49
 1018 0148 13       		.uleb128 0x13
 1019 0149 3F       		.uleb128 0x3f
 1020 014a 19       		.uleb128 0x19
ARM GAS  C:\Users\dell1\AppData\Local\Temp\ccAxqfau.s 			page 26


 1021 014b 3C       		.uleb128 0x3c
 1022 014c 19       		.uleb128 0x19
 1023 014d 00       		.byte	0
 1024 014e 00       		.byte	0
 1025 014f 00       		.byte	0
 1026              		.section	.debug_loc,"",%progbits
 1027              	.Ldebug_loc0:
 1028              	.LLST0:
 1029 0000 00000000 		.4byte	.LVL3
 1030 0004 02000000 		.4byte	.LVL4
 1031 0008 0100     		.2byte	0x1
 1032 000a 50       		.byte	0x50
 1033 000b 02000000 		.4byte	.LVL4
 1034 000f 10000000 		.4byte	.LFE68
 1035 0013 0400     		.2byte	0x4
 1036 0015 F3       		.byte	0xf3
 1037 0016 01       		.uleb128 0x1
 1038 0017 50       		.byte	0x50
 1039 0018 9F       		.byte	0x9f
 1040 0019 00000000 		.4byte	0
 1041 001d 00000000 		.4byte	0
 1042              	.LLST1:
 1043 0021 04000000 		.4byte	.LVL5
 1044 0025 06000000 		.4byte	.LVL6
 1045 0029 0500     		.2byte	0x5
 1046 002b 70       		.byte	0x70
 1047 002c 00       		.sleb128 0
 1048 002d 35       		.byte	0x35
 1049 002e 25       		.byte	0x25
 1050 002f 9F       		.byte	0x9f
 1051 0030 00000000 		.4byte	0
 1052 0034 00000000 		.4byte	0
 1053              	.LLST2:
 1054 0038 00000000 		.4byte	.LVL11
 1055 003c 07000000 		.4byte	.LVL12-1
 1056 0040 0100     		.2byte	0x1
 1057 0042 50       		.byte	0x50
 1058 0043 07000000 		.4byte	.LVL12-1
 1059 0047 1A000000 		.4byte	.LFE64
 1060 004b 0100     		.2byte	0x1
 1061 004d 54       		.byte	0x54
 1062 004e 00000000 		.4byte	0
 1063 0052 00000000 		.4byte	0
 1064              		.section	.debug_aranges,"",%progbits
 1065 0000 74000000 		.4byte	0x74
 1066 0004 0200     		.2byte	0x2
 1067 0006 00000000 		.4byte	.Ldebug_info0
 1068 000a 04       		.byte	0x4
 1069 000b 00       		.byte	0
 1070 000c 0000     		.2byte	0
 1071 000e 0000     		.2byte	0
 1072 0010 00000000 		.4byte	.LFB66
 1073 0014 0C000000 		.4byte	.LFE66-.LFB66
 1074 0018 00000000 		.4byte	.LFB67
 1075 001c 0C000000 		.4byte	.LFE67-.LFB67
 1076 0020 00000000 		.4byte	.LFB68
 1077 0024 10000000 		.4byte	.LFE68-.LFB68
ARM GAS  C:\Users\dell1\AppData\Local\Temp\ccAxqfau.s 			page 27


 1078 0028 00000000 		.4byte	.LFB69
 1079 002c 0C000000 		.4byte	.LFE69-.LFB69
 1080 0030 00000000 		.4byte	.LFB70
 1081 0034 0C000000 		.4byte	.LFE70-.LFB70
 1082 0038 00000000 		.4byte	.LFB71
 1083 003c 18000000 		.4byte	.LFE71-.LFB71
 1084 0040 00000000 		.4byte	.LFB72
 1085 0044 0C000000 		.4byte	.LFE72-.LFB72
 1086 0048 00000000 		.4byte	.LFB63
 1087 004c 1C000000 		.4byte	.LFE63-.LFB63
 1088 0050 00000000 		.4byte	.LFB64
 1089 0054 1A000000 		.4byte	.LFE64-.LFB64
 1090 0058 00000000 		.4byte	.LFB65
 1091 005c 14000000 		.4byte	.LFE65-.LFB65
 1092 0060 00000000 		.4byte	.LFB73
 1093 0064 0C000000 		.4byte	.LFE73-.LFB73
 1094 0068 00000000 		.4byte	.LFB74
 1095 006c 0C000000 		.4byte	.LFE74-.LFB74
 1096 0070 00000000 		.4byte	0
 1097 0074 00000000 		.4byte	0
 1098              		.section	.debug_ranges,"",%progbits
 1099              	.Ldebug_ranges0:
 1100 0000 00000000 		.4byte	.LFB66
 1101 0004 0C000000 		.4byte	.LFE66
 1102 0008 00000000 		.4byte	.LFB67
 1103 000c 0C000000 		.4byte	.LFE67
 1104 0010 00000000 		.4byte	.LFB68
 1105 0014 10000000 		.4byte	.LFE68
 1106 0018 00000000 		.4byte	.LFB69
 1107 001c 0C000000 		.4byte	.LFE69
 1108 0020 00000000 		.4byte	.LFB70
 1109 0024 0C000000 		.4byte	.LFE70
 1110 0028 00000000 		.4byte	.LFB71
 1111 002c 18000000 		.4byte	.LFE71
 1112 0030 00000000 		.4byte	.LFB72
 1113 0034 0C000000 		.4byte	.LFE72
 1114 0038 00000000 		.4byte	.LFB63
 1115 003c 1C000000 		.4byte	.LFE63
 1116 0040 00000000 		.4byte	.LFB64
 1117 0044 1A000000 		.4byte	.LFE64
 1118 0048 00000000 		.4byte	.LFB65
 1119 004c 14000000 		.4byte	.LFE65
 1120 0050 00000000 		.4byte	.LFB73
 1121 0054 0C000000 		.4byte	.LFE73
 1122 0058 00000000 		.4byte	.LFB74
 1123 005c 0C000000 		.4byte	.LFE74
 1124 0060 00000000 		.4byte	0
 1125 0064 00000000 		.4byte	0
 1126              		.section	.debug_line,"",%progbits
 1127              	.Ldebug_line0:
 1128 0000 12020000 		.section	.debug_str,"MS",%progbits,1
 1128      02003601 
 1128      00000201 
 1128      FB0E0D00 
 1128      01010101 
 1129              	.LASF7:
 1130 0000 6C6F6E67 		.ascii	"long long int\000"
ARM GAS  C:\Users\dell1\AppData\Local\Temp\ccAxqfau.s 			page 28


 1130      206C6F6E 
 1130      6720696E 
 1130      7400
 1131              	.LASF18:
 1132 000e 72656733 		.ascii	"reg32\000"
 1132      3200
 1133              	.LASF36:
 1134 0014 433A5C55 		.ascii	"C:\\Users\\dell1\\Desktop\\final_ccc\\Creative.cyds"
 1134      73657273 
 1134      5C64656C 
 1134      6C315C44 
 1134      65736B74 
 1135 0042 6E00     		.ascii	"n\000"
 1136              	.LASF33:
 1137 0044 6973725F 		.ascii	"isr_rx_2_ClearPending\000"
 1137      72785F32 
 1137      5F436C65 
 1137      61725065 
 1137      6E64696E 
 1138              	.LASF23:
 1139 005a 61646472 		.ascii	"address\000"
 1139      65737300 
 1140              	.LASF11:
 1141 0062 5F5F696E 		.ascii	"__int32_t\000"
 1141      7433325F 
 1141      7400
 1142              	.LASF28:
 1143 006c 6973725F 		.ascii	"isr_rx_2_Disable\000"
 1143      72785F32 
 1143      5F446973 
 1143      61626C65 
 1143      00
 1144              	.LASF32:
 1145 007d 6973725F 		.ascii	"isr_rx_2_SetPending\000"
 1145      72785F32 
 1145      5F536574 
 1145      50656E64 
 1145      696E6700 
 1146              	.LASF35:
 1147 0091 2E5C4765 		.ascii	".\\Generated_Source\\PSoC5\\isr_rx_2.c\000"
 1147      6E657261 
 1147      7465645F 
 1147      536F7572 
 1147      63655C50 
 1148              	.LASF15:
 1149 00b5 666C6F61 		.ascii	"float\000"
 1149      7400
 1150              	.LASF13:
 1151 00bb 75696E74 		.ascii	"uint8\000"
 1151      3800
 1152              	.LASF2:
 1153 00c1 756E7369 		.ascii	"unsigned char\000"
 1153      676E6564 
 1153      20636861 
 1153      7200
 1154              	.LASF17:
 1155 00cf 72656738 		.ascii	"reg8\000"
ARM GAS  C:\Users\dell1\AppData\Local\Temp\ccAxqfau.s 			page 29


 1155      00
 1156              	.LASF21:
 1157 00d4 6973725F 		.ascii	"isr_rx_2_SetVector\000"
 1157      72785F32 
 1157      5F536574 
 1157      56656374 
 1157      6F7200
 1158              	.LASF6:
 1159 00e7 6C6F6E67 		.ascii	"long unsigned int\000"
 1159      20756E73 
 1159      69676E65 
 1159      6420696E 
 1159      7400
 1160              	.LASF4:
 1161 00f9 73686F72 		.ascii	"short unsigned int\000"
 1161      7420756E 
 1161      7369676E 
 1161      65642069 
 1161      6E7400
 1162              	.LASF26:
 1163 010c 6973725F 		.ascii	"isr_rx_2_GetPriority\000"
 1163      72785F32 
 1163      5F476574 
 1163      5072696F 
 1163      72697479 
 1164              	.LASF38:
 1165 0121 49544D5F 		.ascii	"ITM_RxBuffer\000"
 1165      52784275 
 1165      66666572 
 1165      00
 1166              	.LASF16:
 1167 012e 646F7562 		.ascii	"double\000"
 1167      6C6500
 1168              	.LASF24:
 1169 0135 7072696F 		.ascii	"priority\000"
 1169      72697479 
 1169      00
 1170              	.LASF14:
 1171 013e 75696E74 		.ascii	"uint32\000"
 1171      333200
 1172              	.LASF34:
 1173 0145 474E5520 		.ascii	"GNU C 4.9.3 20150303 (release) [ARM/embedded-4_9-br"
 1173      4320342E 
 1173      392E3320 
 1173      32303135 
 1173      30333033 
 1174 0178 616E6368 		.ascii	"anch revision 221220] -mcpu=cortex-m3 -mthumb -g -O"
 1174      20726576 
 1174      6973696F 
 1174      6E203232 
 1174      31323230 
 1175 01ab 67202D66 		.ascii	"g -ffunction-sections -ffat-lto-objects\000"
 1175      66756E63 
 1175      74696F6E 
 1175      2D736563 
 1175      74696F6E 
 1176              	.LASF0:
ARM GAS  C:\Users\dell1\AppData\Local\Temp\ccAxqfau.s 			page 30


 1177 01d3 756E7369 		.ascii	"unsigned int\000"
 1177      676E6564 
 1177      20696E74 
 1177      00
 1178              	.LASF31:
 1179 01e0 6973725F 		.ascii	"isr_rx_2_Stop\000"
 1179      72785F32 
 1179      5F53746F 
 1179      7000
 1180              	.LASF8:
 1181 01ee 6C6F6E67 		.ascii	"long long unsigned int\000"
 1181      206C6F6E 
 1181      6720756E 
 1181      7369676E 
 1181      65642069 
 1182              	.LASF19:
 1183 0205 63796973 		.ascii	"cyisraddress\000"
 1183      72616464 
 1183      72657373 
 1183      00
 1184              	.LASF22:
 1185 0212 6973725F 		.ascii	"isr_rx_2_SetPriority\000"
 1185      72785F32 
 1185      5F536574 
 1185      5072696F 
 1185      72697479 
 1186              	.LASF12:
 1187 0227 696E7433 		.ascii	"int32_t\000"
 1187      325F7400 
 1188              	.LASF9:
 1189 022f 73697A65 		.ascii	"sizetype\000"
 1189      74797065 
 1189      00
 1190              	.LASF25:
 1191 0238 6973725F 		.ascii	"isr_rx_2_GetVector\000"
 1191      72785F32 
 1191      5F476574 
 1191      56656374 
 1191      6F7200
 1192              	.LASF10:
 1193 024b 63686172 		.ascii	"char\000"
 1193      00
 1194              	.LASF20:
 1195 0250 72616D56 		.ascii	"ramVectorTable\000"
 1195      6563746F 
 1195      72546162 
 1195      6C6500
 1196              	.LASF3:
 1197 025f 73686F72 		.ascii	"short int\000"
 1197      7420696E 
 1197      7400
 1198              	.LASF37:
 1199 0269 6973725F 		.ascii	"isr_rx_2_GetState\000"
 1199      72785F32 
 1199      5F476574 
 1199      53746174 
 1199      6500
ARM GAS  C:\Users\dell1\AppData\Local\Temp\ccAxqfau.s 			page 31


 1200              	.LASF30:
 1201 027b 6973725F 		.ascii	"isr_rx_2_StartEx\000"
 1201      72785F32 
 1201      5F537461 
 1201      72744578 
 1201      00
 1202              	.LASF5:
 1203 028c 6C6F6E67 		.ascii	"long int\000"
 1203      20696E74 
 1203      00
 1204              	.LASF29:
 1205 0295 6973725F 		.ascii	"isr_rx_2_Start\000"
 1205      72785F32 
 1205      5F537461 
 1205      727400
 1206              	.LASF1:
 1207 02a4 7369676E 		.ascii	"signed char\000"
 1207      65642063 
 1207      68617200 
 1208              	.LASF27:
 1209 02b0 6973725F 		.ascii	"isr_rx_2_Enable\000"
 1209      72785F32 
 1209      5F456E61 
 1209      626C6500 
 1210              		.ident	"GCC: (GNU Tools for ARM Embedded Processors) 4.9.3 20150303 (release) [ARM/embedded-4_9-br
